Component: ARM Compiler 6.16 Tool: armlink [5dfeaa00]

==============================================================================

Section Cross References

    chess.o(.text.ClickToPutChess) refers to main.o(.bss.x_data) for x_data
    chess.o(.text.ClickToPutChess) refers to main.o(.bss.y_data) for y_data
    chess.o(.text.ClickToPutChess) refers to chess.o(.bss.CheckerBoardPos) for CheckerBoardPos
    chess.o(.text.ClickToPutChess) refers to lcd.o(.text.LCD_DrawChess) for LCD_DrawChess
    chess.o(.text.ClickToPutChess) refers to lcd.o(.text.LCD_DrawLine) for LCD_DrawLine
    chess.o(.text.ClickToPutChess) refers to lcd.o(.text.LCD_ShowChar) for LCD_ShowChar
    chess.o(.text.ClickToPutChess) refers to usart.o(.text.usart_send) for usart_send
    chess.o(.ARM.exidx.text.ClickToPutChess) refers to chess.o(.text.ClickToPutChess) for [Anonymous Symbol]
    chess.o(.text.TouchChess) refers to main.o(.bss.iWinner) for iWinner
    chess.o(.text.TouchChess) refers to chess.o(.bss.chesspos) for chesspos
    chess.o(.text.TouchChess) refers to chess.o(.bss.chessscreenpos) for chessscreenpos
    chess.o(.text.TouchChess) refers to main.o(.bss.x_data) for x_data
    chess.o(.text.TouchChess) refers to main.o(.bss.y_data) for y_data
    chess.o(.text.TouchChess) refers to main.o(.data.iChessPos) for iChessPos
    chess.o(.text.TouchChess) refers to chess.o(.text.Judge_Rule1) for Judge_Rule1
    chess.o(.text.TouchChess) refers to lcd.o(.text.LCD_DrawRectangle) for LCD_DrawRectangle
    chess.o(.text.TouchChess) refers to main.o(.data.click_x) for click_x
    chess.o(.text.TouchChess) refers to main.o(.data.click_y) for click_y
    chess.o(.text.TouchChess) refers to chess.o(.text.RepairChessboard) for RepairChessboard
    chess.o(.text.TouchChess) refers to lcd.o(.text.LCD_DrawChess) for LCD_DrawChess
    chess.o(.text.TouchChess) refers to main.o(.data.x_last) for x_last
    chess.o(.text.TouchChess) refers to main.o(.data.y_last) for y_last
    chess.o(.text.TouchChess) refers to chess.o(.text.Judge_Rule2) for Judge_Rule2
    chess.o(.text.TouchChess) refers to chess.o(.text.Winner) for Winner
    chess.o(.ARM.exidx.text.TouchChess) refers to chess.o(.text.TouchChess) for [Anonymous Symbol]
    chess.o(.text.Judge_Rule1) refers to main.o(.data.x_last) for x_last
    chess.o(.text.Judge_Rule1) refers to main.o(.data.y_last) for y_last
    chess.o(.text.Judge_Rule1) refers to main.o(.data.iChessPos) for iChessPos
    chess.o(.ARM.exidx.text.Judge_Rule1) refers to chess.o(.text.Judge_Rule1) for [Anonymous Symbol]
    chess.o(.text.RepairChessboard) refers to chess.o(.bss.chesspos) for chesspos
    chess.o(.text.RepairChessboard) refers to lcd.o(.text.LCD_DrawRectangle) for LCD_DrawRectangle
    chess.o(.text.RepairChessboard) refers to lcd.o(.text.LCD_DrawChess) for LCD_DrawChess
    chess.o(.text.RepairChessboard) refers to lcd.o(.text.LCD_DrawLine) for LCD_DrawLine
    chess.o(.ARM.exidx.text.RepairChessboard) refers to chess.o(.text.RepairChessboard) for [Anonymous Symbol]
    chess.o(.text.Judge_Rule2) refers to main.o(.data.iChessPos) for iChessPos
    chess.o(.text.Judge_Rule2) refers to main.o(.data.x_last) for x_last
    chess.o(.text.Judge_Rule2) refers to main.o(.data.y_last) for y_last
    chess.o(.text.Judge_Rule2) refers to chess.o(.text.RepairChessboard) for RepairChessboard
    chess.o(.ARM.exidx.text.Judge_Rule2) refers to chess.o(.text.Judge_Rule2) for [Anonymous Symbol]
    chess.o(.text.Winner) refers to main.o(.data.iChessPos) for iChessPos
    chess.o(.text.Winner) refers to chess.o(.text.Print_Win) for Print_Win
    chess.o(.text.Winner) refers to main.o(.bss.iWinner) for iWinner
    chess.o(.ARM.exidx.text.Winner) refers to chess.o(.text.Winner) for [Anonymous Symbol]
    chess.o(.text.Judge_Rule2_Computer) refers to main.o(.data.iChessPos) for iChessPos
    chess.o(.text.Judge_Rule2_Computer) refers to main.o(.data.x_Computer_last) for x_Computer_last
    chess.o(.text.Judge_Rule2_Computer) refers to main.o(.data.y_Computer_last) for y_Computer_last
    chess.o(.text.Judge_Rule2_Computer) refers to main.o(.data.x_last) for x_last
    chess.o(.text.Judge_Rule2_Computer) refers to main.o(.data.y_last) for y_last
    chess.o(.text.Judge_Rule2_Computer) refers to chess.o(.text.RepairChessboard) for RepairChessboard
    chess.o(.ARM.exidx.text.Judge_Rule2_Computer) refers to chess.o(.text.Judge_Rule2_Computer) for [Anonymous Symbol]
    chess.o(.text.TouchChess_VS_Computer) refers to main.o(.bss.iWinner) for iWinner
    chess.o(.text.TouchChess_VS_Computer) refers to chess.o(.bss.chesspos) for chesspos
    chess.o(.text.TouchChess_VS_Computer) refers to chess.o(.bss.chessscreenpos) for chessscreenpos
    chess.o(.text.TouchChess_VS_Computer) refers to main.o(.bss.x_data) for x_data
    chess.o(.text.TouchChess_VS_Computer) refers to main.o(.data.Info) for Info
[...]
    Removing stm32f2xx_tim.o(.text.TIM_SelectOCxM), (88 bytes).
    Removing stm32f2xx_tim.o(.ARM.exidx.text.TIM_SelectOCxM), (8 bytes).
    Removing stm32f2xx_tim.o(.text.TIM_SetCompare1), (4 bytes).
    Removing stm32f2xx_tim.o(.ARM.exidx.text.TIM_SetCompare1), (8 bytes).
    Removing stm32f2xx_tim.o(.text.TIM_SetCompare2), (4 bytes).
    Removing stm32f2xx_tim.o(.ARM.exidx.text.TIM_SetCompare2), (8 bytes).
    Removing stm32f2xx_tim.o(.text.TIM_SetCompare3), (4 bytes).
    Removing stm32f2xx_tim.o(.ARM.exidx.text.TIM_SetCompare3), (8 bytes).
    Removing stm32f2xx_tim.o(.text.TIM_SetCompare4), (4 bytes).
    Removing stm32f2xx_tim.o(.ARM.exidx.text.TIM_SetCompare4), (8 bytes).
    Removing stm32f2xx_tim.o(.text.TIM_ForcedOC1Config), (12 bytes).
    Removing stm32f2xx_tim.o(.ARM.exidx.text.TIM_ForcedOC1Config), (8 bytes).
    Removing stm32f2xx_tim.o(.text.TIM_ForcedOC2Config), (14 bytes).
    Removing stm32f2xx_tim.o(.ARM.exidx.text.TIM_ForcedOC2Config), (8 bytes).
    Removing stm32f2xx_tim.o(.text.TIM_ForcedOC3Config), (12 bytes).
    Removing stm32f2xx_tim.o(.ARM.exidx.text.TIM_ForcedOC3Config), (8 bytes).
    Removing stm32f2xx_tim.o(.text.TIM_ForcedOC4Config), (14 bytes).
    Removing stm32f2xx_tim.o(.ARM.exidx.text.TIM_ForcedOC4Config), (8 bytes).
    Removing stm32f2xx_tim.o(.text.TIM_OC1PreloadConfig), (12 bytes).
    Removing stm32f2xx_tim.o(.ARM.exidx.text.TIM_OC1PreloadConfig), (8 bytes).
    Removing stm32f2xx_tim.o(.text.TIM_OC2PreloadConfig), (14 bytes).
    Removing stm32f2xx_tim.o(.ARM.exidx.text.TIM_OC2PreloadConfig), (8 bytes).
    Removing stm32f2xx_tim.o(.text.TIM_OC3PreloadConfig), (12 bytes).
    Removing stm32f2xx_tim.o(.ARM.exidx.text.TIM_OC3PreloadConfig), (8 bytes).
    Removing stm32f2xx_tim.o(.text.TIM_OC4PreloadConfig), (14 bytes).
    Removing stm32f2xx_tim.o(.ARM.exidx.text.TIM_OC4PreloadConfig), (8 bytes).
    Removing stm32f2xx_tim.o(.text.TIM_OC1FastConfig), (12 bytes).
    Removing stm32f2xx_tim.o(.ARM.exidx.text.TIM_OC1FastConfig), (8 bytes).
    Removing stm32f2xx_tim.o(.text.TIM_OC2FastConfig), (14 bytes).
    Removing stm32f2xx_tim.o(.ARM.exidx.text.TIM_OC2FastConfig), (8 bytes).
    Removing stm32f2xx_tim.o(.text.TIM_OC3FastConfig), (12 bytes).
    Removing stm32f2xx_tim.o(.ARM.exidx.text.TIM_OC3FastConfig), (8 bytes).
    Removing stm32f2xx_tim.o(.text.TIM_OC4FastConfig), (14 bytes).
    Removing stm32f2xx_tim.o(.ARM.exidx.text.TIM_OC4FastConfig), (8 bytes).
    Removing stm32f2xx_tim.o(.text.TIM_ClearOC1Ref), (12 bytes).
    Removing stm32f2xx_tim.o(.ARM.exidx.text.TIM_ClearOC1Ref), (8 bytes).
    Removing stm32f2xx_tim.o(.text.TIM_ClearOC2Ref), (14 bytes).
    Removing stm32f2xx_tim.o(.ARM.exidx.text.TIM_ClearOC2Ref), (8 bytes).
    Removing stm32f2xx_tim.o(.text.TIM_ClearOC3Ref), (12 bytes).
    Removing stm32f2xx_tim.o(.ARM.exidx.text.TIM_ClearOC3Ref), (8 bytes).
    Removing stm32f2xx_tim.o(.text.TIM_ClearOC4Ref), (14 bytes).
    Removing stm32f2xx_tim.o(.ARM.exidx.text.TIM_ClearOC4Ref), (8 bytes).
    Removing stm32f2xx_tim.o(.text.TIM_OC1PolarityConfig), (12 bytes).
    Removing stm32f2xx_tim.o(.ARM.exidx.text.TIM_OC1PolarityConfig), (8 bytes).
    Removing stm32f2xx_tim.o(.text.TIM_OC1NPolarityConfig), (12 bytes).
    Removing stm32f2xx_tim.o(.ARM.exidx.text.TIM_OC1NPolarityConfig), (8 bytes).
    Removing stm32f2xx_tim.o(.text.TIM_OC2PolarityConfig), (14 bytes).
    Removing stm32f2xx_tim.o(.ARM.exidx.text.TIM_OC2PolarityConfig), (8 bytes).
    Removing stm32f2xx_tim.o(.text.TIM_OC2NPolarityConfig), (14 bytes).
    Removing stm32f2xx_tim.o(.ARM.exidx.text.TIM_OC2NPolarityConfig), (8 bytes).
    Removing stm32f2xx_tim.o(.text.TIM_OC3PolarityConfig), (14 bytes).
    Removing stm32f2xx_tim.o(.ARM.exidx.text.TIM_OC3PolarityConfig), (8 bytes).
    Removing stm32f2xx_tim.o(.text.TIM_OC3NPolarityConfig), (14 bytes).
    Removing stm32f2xx_tim.o(.ARM.exidx.text.TIM_OC3NPolarityConfig), (8 bytes).
    Removing stm32f2xx_tim.o(.text.TIM_OC4PolarityConfig), (14 bytes).
    Removing stm32f2xx_tim.o(.ARM.exidx.text.TIM_OC4PolarityConfig), (8 bytes).
    Removing stm32f2xx_tim.o(.text.TIM_CCxCmd), (32 bytes).
    Removing stm32f2xx_tim.o(.ARM.exidx.text.TIM_CCxCmd), (8 bytes).
    Removing stm32f2xx_tim.o(.text.TIM_CCxNCmd), (32 bytes).
    Removing stm32f2xx_tim.o(.ARM.exidx.text.TIM_CCxNCmd), (8 bytes).
    Removing stm32f2xx_tim.o(.text.TIM_ICInit), (106 bytes).
    Removing stm32f2xx_tim.o(.ARM.exidx.text.TIM_ICInit), (8 bytes).
    Removing stm32f2xx_tim.o(.text.TI1_Config), (50 bytes).
    Removing stm32f2xx_tim.o(.ARM.exidx.text.TI1_Config), (8 bytes).
    Removing stm32f2xx_tim.o(.text.TIM_SetIC1Prescaler), (16 bytes).
    Removing stm32f2xx_tim.o(.ARM.exidx.text.TIM_SetIC1Prescaler), (8 bytes).
    Removing stm32f2xx_tim.o(.text.TI2_Config), (56 bytes).
    Removing stm32f2xx_tim.o(.ARM.exidx.text.TI2_Config), (8 bytes).
    Removing stm32f2xx_tim.o(.text.TIM_SetIC2Prescaler), (18 bytes).
    Removing stm32f2xx_tim.o(.ARM.exidx.text.TIM_SetIC2Prescaler), (8 bytes).
    Removing stm32f2xx_tim.o(.text.TI3_Config), (52 bytes).
    Removing stm32f2xx_tim.o(.ARM.exidx.text.TI3_Config), (8 bytes).
    Removing stm32f2xx_tim.o(.text.TIM_SetIC3Prescaler), (16 bytes).
    Removing stm32f2xx_tim.o(.ARM.exidx.text.TIM_SetIC3Prescaler), (8 bytes).
    Removing stm32f2xx_tim.o(.text.TI4_Config), (60 bytes).
    Removing stm32f2xx_tim.o(.ARM.exidx.text.TI4_Config), (8 bytes).
    Removing stm32f2xx_tim.o(.text.TIM_SetIC4Prescaler), (18 bytes).
    Removing stm32f2xx_tim.o(.ARM.exidx.text.TIM_SetIC4Prescaler), (8 bytes).
    Removing stm32f2xx_tim.o(.text.TIM_ICStructInit), (12 bytes).
    Removing stm32f2xx_tim.o(.ARM.exidx.text.TIM_ICStructInit), (8 bytes).
    Removing stm32f2xx_tim.o(.text.TIM_PWMIConfig), (112 bytes).
    Removing stm32f2xx_tim.o(.ARM.exidx.text.TIM_PWMIConfig), (8 bytes).
    Removing stm32f2xx_tim.o(.text.TIM_GetCapture1), (4 bytes).
    Removing stm32f2xx_tim.o(.ARM.exidx.text.TIM_GetCapture1), (8 bytes).
    Removing stm32f2xx_tim.o(.text.TIM_GetCapture2), (4 bytes).
    Removing stm32f2xx_tim.o(.ARM.exidx.text.TIM_GetCapture2), (8 bytes).
    Removing stm32f2xx_tim.o(.text.TIM_GetCapture3), (4 bytes).
    Removing stm32f2xx_tim.o(.ARM.exidx.text.TIM_GetCapture3), (8 bytes).
    Removing stm32f2xx_tim.o(.text.TIM_GetCapture4), (4 bytes).
    Removing stm32f2xx_tim.o(.ARM.exidx.text.TIM_GetCapture4), (8 bytes).
    Removing stm32f2xx_tim.o(.text.TIM_BDTRConfig), (40 bytes).
    Removing stm32f2xx_tim.o(.ARM.exidx.text.TIM_BDTRConfig), (8 bytes).
    Removing stm32f2xx_tim.o(.text.TIM_BDTRStructInit), (12 bytes).
    Removing stm32f2xx_tim.o(.ARM.exidx.text.TIM_BDTRStructInit), (8 bytes).
    Removing stm32f2xx_tim.o(.text.TIM_CtrlPWMOutputs), (24 bytes).
    Removing stm32f2xx_tim.o(.ARM.exidx.text.TIM_CtrlPWMOutputs), (8 bytes).
    Removing stm32f2xx_tim.o(.text.TIM_SelectCOM), (20 bytes).
    Removing stm32f2xx_tim.o(.ARM.exidx.text.TIM_SelectCOM), (8 bytes).
    Removing stm32f2xx_tim.o(.text.TIM_CCPreloadControl), (18 bytes).
    Removing stm32f2xx_tim.o(.ARM.exidx.text.TIM_CCPreloadControl), (8 bytes).
    Removing stm32f2xx_tim.o(.text.TIM_ITConfig), (16 bytes).
    Removing stm32f2xx_tim.o(.ARM.exidx.text.TIM_ITConfig), (8 bytes).
    Removing stm32f2xx_tim.o(.text.TIM_GenerateEvent), (4 bytes).
    Removing stm32f2xx_tim.o(.ARM.exidx.text.TIM_GenerateEvent), (8 bytes).
    Removing stm32f2xx_tim.o(.text.TIM_GetFlagStatus), (10 bytes).
    Removing stm32f2xx_tim.o(.ARM.exidx.text.TIM_GetFlagStatus), (8 bytes).
    Removing stm32f2xx_tim.o(.text.TIM_ClearFlag), (6 bytes).
    Removing stm32f2xx_tim.o(.ARM.exidx.text.TIM_ClearFlag), (8 bytes).
    Removing stm32f2xx_tim.o(.text.TIM_GetITStatus), (20 bytes).
    Removing stm32f2xx_tim.o(.ARM.exidx.text.TIM_GetITStatus), (8 bytes).
    Removing stm32f2xx_tim.o(.text.TIM_ClearITPendingBit), (6 bytes).
    Removing stm32f2xx_tim.o(.ARM.exidx.text.TIM_ClearITPendingBit), (8 bytes).
    Removing stm32f2xx_tim.o(.text.TIM_DMAConfig), (8 bytes).
    Removing stm32f2xx_tim.o(.ARM.exidx.text.TIM_DMAConfig), (8 bytes).
    Removing stm32f2xx_tim.o(.text.TIM_DMACmd), (16 bytes).
    Removing stm32f2xx_tim.o(.ARM.exidx.text.TIM_DMACmd), (8 bytes).
    Removing stm32f2xx_tim.o(.text.TIM_SelectCCDMA), (20 bytes).
    Removing stm32f2xx_tim.o(.ARM.exidx.text.TIM_SelectCCDMA), (8 bytes).
    Removing stm32f2xx_tim.o(.text.TIM_InternalClockConfig), (10 bytes).
    Removing stm32f2xx_tim.o(.ARM.exidx.text.TIM_InternalClockConfig), (8 bytes).
    Removing stm32f2xx_tim.o(.text.TIM_ITRxExternalClockConfig), (18 bytes).
    Removing stm32f2xx_tim.o(.ARM.exidx.text.TIM_ITRxExternalClockConfig), (8 bytes).
    Removing stm32f2xx_tim.o(.text.TIM_SelectInputTrigger), (12 bytes).
    Removing stm32f2xx_tim.o(.ARM.exidx.text.TIM_SelectInputTrigger), (8 bytes).
    Removing stm32f2xx_tim.o(.text.TIM_TIxExternalClockConfig), (44 bytes).
    Removing stm32f2xx_tim.o(.ARM.exidx.text.TIM_TIxExternalClockConfig), (8 bytes).
    Removing stm32f2xx_tim.o(.text.TIM_ETRClockMode1Config), (18 bytes).
    Removing stm32f2xx_tim.o(.ARM.exidx.text.TIM_ETRClockMode1Config), (8 bytes).
    Removing stm32f2xx_tim.o(.text.TIM_ETRConfig), (22 bytes).
    Removing stm32f2xx_tim.o(.ARM.exidx.text.TIM_ETRConfig), (8 bytes).
    Removing stm32f2xx_tim.o(.text.TIM_ETRClockMode2Config), (18 bytes).
    Removing stm32f2xx_tim.o(.ARM.exidx.text.TIM_ETRClockMode2Config), (8 bytes).
    Removing stm32f2xx_tim.o(.text.TIM_SelectOutputTrigger), (16 bytes).
    Removing stm32f2xx_tim.o(.ARM.exidx.text.TIM_SelectOutputTrigger), (8 bytes).
    Removing stm32f2xx_tim.o(.text.TIM_SelectSlaveMode), (16 bytes).
    Removing stm32f2xx_tim.o(.ARM.exidx.text.TIM_SelectSlaveMode), (8 bytes).
    Removing stm32f2xx_tim.o(.text.TIM_SelectMasterSlaveMode), (16 bytes).
    Removing stm32f2xx_tim.o(.ARM.exidx.text.TIM_SelectMasterSlaveMode), (8 bytes).
    Removing stm32f2xx_tim.o(.text.TIM_EncoderInterfaceConfig), (48 bytes).
    Removing stm32f2xx_tim.o(.ARM.exidx.text.TIM_EncoderInterfaceConfig), (8 bytes).
    Removing stm32f2xx_tim.o(.text.TIM_SelectHallSensor), (20 bytes).
    Removing stm32f2xx_tim.o(.ARM.exidx.text.TIM_SelectHallSensor), (8 bytes).
    Removing stm32f2xx_tim.o(.text.TIM_RemapConfig), (6 bytes).
    Removing stm32f2xx_tim.o(.ARM.exidx.text.TIM_RemapConfig), (8 bytes).
    Removing stm32f2xx_usart.o(.text), (0 bytes).
    Removing stm32f2xx_usart.o(.text.USART_DeInit), (194 bytes).
    Removing stm32f2xx_usart.o(.ARM.exidx.text.USART_DeInit), (8 bytes).
    Removing stm32f2xx_usart.o(.ARM.exidx.text.USART_Init), (8 bytes).
    Removing stm32f2xx_usart.o(.text.USART_StructInit), (18 bytes).
    Removing stm32f2xx_usart.o(.ARM.exidx.text.USART_StructInit), (8 bytes).
    Removing stm32f2xx_usart.o(.text.USART_ClockInit), (34 bytes).
    Removing stm32f2xx_usart.o(.ARM.exidx.text.USART_ClockInit), (8 bytes).
    Removing stm32f2xx_usart.o(.text.USART_ClockStructInit), (8 bytes).
    Removing stm32f2xx_usart.o(.ARM.exidx.text.USART_ClockStructInit), (8 bytes).
    Removing stm32f2xx_usart.o(.ARM.exidx.text.USART_Cmd), (8 bytes).
    Removing stm32f2xx_usart.o(.text.USART_SetPrescaler), (16 bytes).
    Removing stm32f2xx_usart.o(.ARM.exidx.text.USART_SetPrescaler), (8 bytes).
    Removing stm32f2xx_usart.o(.text.USART_OverSampling8Cmd), (20 bytes).
    Removing stm32f2xx_usart.o(.ARM.exidx.text.USART_OverSampling8Cmd), (8 bytes).
    Removing stm32f2xx_usart.o(.text.USART_OneBitMethodCmd), (20 bytes).
    Removing stm32f2xx_usart.o(.ARM.exidx.text.USART_OneBitMethodCmd), (8 bytes).
    Removing stm32f2xx_usart.o(.ARM.exidx.text.USART_SendData), (8 bytes).
    Removing stm32f2xx_usart.o(.ARM.exidx.text.USART_ReceiveData), (8 bytes).
    Removing stm32f2xx_usart.o(.text.USART_SetAddress), (16 bytes).
    Removing stm32f2xx_usart.o(.ARM.exidx.text.USART_SetAddress), (8 bytes).
    Removing stm32f2xx_usart.o(.text.USART_ReceiverWakeUpCmd), (20 bytes).
    Removing stm32f2xx_usart.o(.ARM.exidx.text.USART_ReceiverWakeUpCmd), (8 bytes).
    Removing stm32f2xx_usart.o(.text.USART_WakeUpConfig), (16 bytes).
    Removing stm32f2xx_usart.o(.ARM.exidx.text.USART_WakeUpConfig), (8 bytes).
    Removing stm32f2xx_usart.o(.text.USART_LINBreakDetectLengthConfig), (16 bytes).
    Removing stm32f2xx_usart.o(.ARM.exidx.text.USART_LINBreakDetectLengthConfig), (8 bytes).
    Removing stm32f2xx_usart.o(.text.USART_LINCmd), (20 bytes).
    Removing stm32f2xx_usart.o(.ARM.exidx.text.USART_LINCmd), (8 bytes).
    Removing stm32f2xx_usart.o(.text.USART_SendBreak), (10 bytes).
    Removing stm32f2xx_usart.o(.ARM.exidx.text.USART_SendBreak), (8 bytes).
    Removing stm32f2xx_usart.o(.text.USART_HalfDuplexCmd), (20 bytes).
    Removing stm32f2xx_usart.o(.ARM.exidx.text.USART_HalfDuplexCmd), (8 bytes).
    Removing stm32f2xx_usart.o(.text.USART_SetGuardTime), (16 bytes).
    Removing stm32f2xx_usart.o(.ARM.exidx.text.USART_SetGuardTime), (8 bytes).
    Removing stm32f2xx_usart.o(.text.USART_SmartCardCmd), (20 bytes).
    Removing stm32f2xx_usart.o(.ARM.exidx.text.USART_SmartCardCmd), (8 bytes).
    Removing stm32f2xx_usart.o(.text.USART_SmartCardNACKCmd), (20 bytes).
    Removing stm32f2xx_usart.o(.ARM.exidx.text.USART_SmartCardNACKCmd), (8 bytes).
    Removing stm32f2xx_usart.o(.text.USART_IrDAConfig), (16 bytes).
    Removing stm32f2xx_usart.o(.ARM.exidx.text.USART_IrDAConfig), (8 bytes).
    Removing stm32f2xx_usart.o(.text.USART_IrDACmd), (20 bytes).
    Removing stm32f2xx_usart.o(.ARM.exidx.text.USART_IrDACmd), (8 bytes).
    Removing stm32f2xx_usart.o(.text.USART_DMACmd), (16 bytes).
    Removing stm32f2xx_usart.o(.ARM.exidx.text.USART_DMACmd), (8 bytes).
    Removing stm32f2xx_usart.o(.ARM.exidx.text.USART_ITConfig), (8 bytes).
    Removing stm32f2xx_usart.o(.ARM.exidx.text.USART_GetFlagStatus), (8 bytes).
    Removing stm32f2xx_usart.o(.text.USART_ClearFlag), (6 bytes).
    Removing stm32f2xx_usart.o(.ARM.exidx.text.USART_ClearFlag), (8 bytes).
    Removing stm32f2xx_usart.o(.ARM.exidx.text.USART_GetITStatus), (8 bytes).
    Removing stm32f2xx_usart.o(.ARM.exidx.text.USART_ClearITPendingBit), (8 bytes).
    Removing stm32f2xx_wwdg.o(.text), (0 bytes).
    Removing stm32f2xx_wwdg.o(.text.WWDG_DeInit), (24 bytes).
    Removing stm32f2xx_wwdg.o(.ARM.exidx.text.WWDG_DeInit), (8 bytes).
    Removing stm32f2xx_wwdg.o(.text.WWDG_SetPrescaler), (20 bytes).
    Removing stm32f2xx_wwdg.o(.ARM.exidx.text.WWDG_SetPrescaler), (8 bytes).
    Removing stm32f2xx_wwdg.o(.text.WWDG_SetWindowValue), (40 bytes).
    Removing stm32f2xx_wwdg.o(.ARM.exidx.text.WWDG_SetWindowValue), (8 bytes).
    Removing stm32f2xx_wwdg.o(.text.WWDG_EnableIT), (14 bytes).
    Removing stm32f2xx_wwdg.o(.ARM.exidx.text.WWDG_EnableIT), (8 bytes).
    Removing stm32f2xx_wwdg.o(.text.WWDG_SetCounter), (16 bytes).
    Removing stm32f2xx_wwdg.o(.ARM.exidx.text.WWDG_SetCounter), (8 bytes).
    Removing stm32f2xx_wwdg.o(.text.WWDG_Enable), (16 bytes).
    Removing stm32f2xx_wwdg.o(.ARM.exidx.text.WWDG_Enable), (8 bytes).
    Removing stm32f2xx_wwdg.o(.text.WWDG_GetFlagStatus), (18 bytes).
    Removing stm32f2xx_wwdg.o(.ARM.exidx.text.WWDG_GetFlagStatus), (8 bytes).
    Removing stm32f2xx_wwdg.o(.text.WWDG_ClearFlag), (14 bytes).
    Removing stm32f2xx_wwdg.o(.ARM.exidx.text.WWDG_ClearFlag), (8 bytes).
    Removing system_stm32f2xx.o(.text), (0 bytes).
    Removing system_stm32f2xx.o(.text.SystemInit), (76 bytes).
    Removing system_stm32f2xx.o(.ARM.exidx.text.SystemInit), (8 bytes).
    Removing system_stm32f2xx.o(.text.SetSysClock), (166 bytes).
    Removing system_stm32f2xx.o(.ARM.exidx.text.SetSysClock), (8 bytes).
    Removing system_stm32f2xx.o(.text.SystemCoreClockUpdate), (126 bytes).
    Removing system_stm32f2xx.o(.ARM.exidx.text.SystemCoreClockUpdate), (8 bytes).
    Removing system_stm32f2xx.o(.data.SystemCoreClock), (4 bytes).
    Removing system_stm32f2xx.o(.rodata.AHBPrescTable), (16 bytes).

1311 unused section(s) (total 33831 bytes) removed from the image.

==============================================================================

Image Symbol Table

    Local Symbols

    Symbol Name                              Value     Ov Type        Size  Object(Section)

    ../clib/angel/boardlib.s                 0x00000000   Number         0  boardinit1.o ABSOLUTE
    ../clib/angel/boardlib.s                 0x00000000   Number         0  boardinit2.o ABSOLUTE
    ../clib/angel/boardlib.s                 0x00000000   Number         0  boardinit3.o ABSOLUTE
    ../clib/angel/boardlib.s                 0x00000000   Number         0  boardshut.o ABSOLUTE
    ../clib/angel/handlers.s                 0x00000000   Number         0  __scatter_zi.o ABSOLUTE
    ../clib/angel/kernel.s                   0x00000000   Number         0  __rtentry.o ABSOLUTE
    ../clib/angel/kernel.s                   0x00000000   Number         0  __rtentry2.o ABSOLUTE
    ../clib/angel/kernel.s                   0x00000000   Number         0  __rtentry4.o ABSOLUTE
    ../clib/angel/kernel.s                   0x00000000   Number         0  rtexit.o ABSOLUTE
    ../clib/angel/kernel.s                   0x00000000   Number         0  rtexit2.o ABSOLUTE
    ../clib/angel/rt.s                       0x00000000   Number         0  rt_raise.o ABSOLUTE
    ../clib/angel/scatter.s                  0x00000000   Number         0  __scatter.o ABSOLUTE
    ../clib/angel/startup.s                  0x00000000   Number         0  __main.o ABSOLUTE
    ../clib/angel/sys.s                      0x00000000   Number         0  sys_stackheap_outer.o ABSOLUTE
    ../clib/angel/sys.s                      0x00000000   Number         0  libspace.o ABSOLUTE
    ../clib/angel/sys.s                      0x00000000   Number         0  use_no_semi.o ABSOLUTE
    ../clib/angel/sys.s                      0x00000000   Number         0  indicate_semi.o ABSOLUTE
    ../clib/angel/sysapp.c                   0x00000000   Number         0  sys_exit.o ABSOLUTE
    ../clib/angel/sysapp.c                   0x00000000   Number         0  sys_exit_hlt.o ABSOLUTE
    ../clib/angel/sysapp.c                   0x00000000   Number         0  sys_command.o ABSOLUTE
    ../clib/angel/sysapp.c                   0x00000000   Number         0  sys_command_hlt.o ABSOLUTE
    ../clib/angel/sysapp.c                   0x00000000   Number         0  sys_wrch.o ABSOLUTE
    ../clib/angel/sysapp.c                   0x00000000   Number         0  sys_wrch_hlt.o ABSOLUTE
    ../clib/armsys.c                         0x00000000   Number         0  argv_veneer.o ABSOLUTE
    ../clib/armsys.c                         0x00000000   Number         0  argv_veneer.o ABSOLUTE
    ../clib/armsys.c                         0x00000000   Number         0  _get_argv_nomalloc.o ABSOLUTE
    ../clib/armsys.c                         0x00000000   Number         0  no_argv.o ABSOLUTE
    ../clib/heapalloc.c                      0x00000000   Number         0  hrguard.o ABSOLUTE
    ../clib/heapaux.c                        0x00000000   Number         0  heapauxi.o ABSOLUTE
    ../clib/libinit.s                        0x00000000   Number         0  libinit.o ABSOLUTE
    ../clib/libinit.s                        0x00000000   Number         0  libinit2.o ABSOLUTE
    ../clib/libinit.s                        0x00000000   Number         0  libshutdown.o ABSOLUTE
    ../clib/libinit.s                        0x00000000   Number         0  libshutdown2.o ABSOLUTE
    ../clib/memcpset.s                       0x00000000   Number         0  rt_memclr_w.o ABSOLUTE
    ../clib/signal.c                         0x00000000   Number         0  defsig_rtmem_outer.o ABSOLUTE
    ../clib/signal.c                         0x00000000   Number         0  defsig_rtmem_formal.o ABSOLUTE
    ../clib/signal.c                         0x00000000   Number         0  defsig_exit.o ABSOLUTE
    ../clib/signal.c                         0x00000000   Number         0  defsig_rtmem_inner.o ABSOLUTE
    ../clib/signal.c                         0x00000000   Number         0  __raise.o ABSOLUTE
    ../clib/signal.c                         0x00000000   Number         0  defsig_general.o ABSOLUTE
    ../clib/signal.c                         0x00000000   Number         0  defsig_abrt_inner.o ABSOLUTE
    ../clib/signal.c                         0x00000000   Number         0  defsig_fpe_inner.o ABSOLUTE
    ../clib/signal.c                         0x00000000   Number         0  defsig_rtred_inner.o ABSOLUTE
    ../clib/signal.c                         0x00000000   Number         0  defsig_stak_inner.o ABSOLUTE
    ../clib/signal.c                         0x00000000   Number         0  defsig_pvfn_inner.o ABSOLUTE
    ../clib/signal.c                         0x00000000   Number         0  defsig_cppl_inner.o ABSOLUTE
    ../clib/signal.c                         0x00000000   Number         0  defsig_segv_inner.o ABSOLUTE
    ../clib/signal.c                         0x00000000   Number         0  defsig_other.o ABSOLUTE
    ../clib/signal.s                         0x00000000   Number         0  defsig.o ABSOLUTE
    ../clib/stdlib.c                         0x00000000   Number         0  exit.o ABSOLUTE
    ../fplib/daddsub.s                       0x00000000   Number         0  daddsub_clz.o ABSOLUTE
    ../fplib/dfix.s                          0x00000000   Number         0  dfix.o ABSOLUTE
    ../fplib/dflt.s                          0x00000000   Number         0  dflt_clz.o ABSOLUTE
    ../fplib/dmul.s                          0x00000000   Number         0  dmul.o ABSOLUTE
    ../fplib/dnaninf.s                       0x00000000   Number         0  dnaninf.o ABSOLUTE
    ../fplib/dretinf.s                       0x00000000   Number         0  dretinf.o ABSOLUTE
    ../fplib/fpinit.s                        0x00000000   Number         0  fpinit.o ABSOLUTE
    ../fplib/fpinit_empty.s                  0x00000000   Number         0  fpinit_empty.o ABSOLUTE
    ../fplib/usenofp.s                       0x00000000   Number         0  usenofp.o ABSOLUTE
    GUI.c                                    0x00000000   Number         0  gui.o ABSOLUTE
    StartUp/startup_stm32f2xx.s              0x00000000   Number         0  startup_stm32f2xx.o ABSOLUTE
    chess.c                                  0x00000000   Number         0  chess.o ABSOLUTE
    dc.s                                     0x00000000   Number         0  dc.o ABSOLUTE
    lcd.c                                    0x00000000   Number         0  lcd.o ABSOLUTE
    led.c                                    0x00000000   Number         0  led.o ABSOLUTE
    main.c                                   0x00000000   Number         0  main.o ABSOLUTE
    misc.c                                   0x00000000   Number         0  misc.o ABSOLUTE
    stm32f2xx_adc.c                          0x00000000   Number         0  stm32f2xx_adc.o ABSOLUTE
    stm32f2xx_can.c                          0x00000000   Number         0  stm32f2xx_can.o ABSOLUTE
    stm32f2xx_crc.c                          0x00000000   Number         0  stm32f2xx_crc.o ABSOLUTE
    stm32f2xx_cryp.c                         0x00000000   Number         0  stm32f2xx_cryp.o ABSOLUTE
    stm32f2xx_cryp_aes.c                     0x00000000   Number         0  stm32f2xx_cryp_aes.o ABSOLUTE
    stm32f2xx_cryp_des.c                     0x00000000   Number         0  stm32f2xx_cryp_des.o ABSOLUTE
    stm32f2xx_cryp_tdes.c                    0x00000000   Number         0  stm32f2xx_cryp_tdes.o ABSOLUTE
    stm32f2xx_dac.c                          0x00000000   Number         0  stm32f2xx_dac.o ABSOLUTE
    stm32f2xx_dbgmcu.c                       0x00000000   Number         0  stm32f2xx_dbgmcu.o ABSOLUTE
    stm32f2xx_dcmi.c                         0x00000000   Number         0  stm32f2xx_dcmi.o ABSOLUTE
    stm32f2xx_dma.c                          0x00000000   Number         0  stm32f2xx_dma.o ABSOLUTE
    stm32f2xx_exti.c                         0x00000000   Number         0  stm32f2xx_exti.o ABSOLUTE
    stm32f2xx_flash.c                        0x00000000   Number         0  stm32f2xx_flash.o ABSOLUTE
    stm32f2xx_fsmc.c                         0x00000000   Number         0  stm32f2xx_fsmc.o ABSOLUTE
    stm32f2xx_gpio.c                         0x00000000   Number         0  stm32f2xx_gpio.o ABSOLUTE
    stm32f2xx_hash.c                         0x00000000   Number         0  stm32f2xx_hash.o ABSOLUTE
    stm32f2xx_hash_md5.c                     0x00000000   Number         0  stm32f2xx_hash_md5.o ABSOLUTE
    stm32f2xx_hash_sha1.c                    0x00000000   Number         0  stm32f2xx_hash_sha1.o ABSOLUTE
    stm32f2xx_i2c.c                          0x00000000   Number         0  stm32f2xx_i2c.o ABSOLUTE
    stm32f2xx_it.c                           0x00000000   Number         0  stm32f2xx_it.o ABSOLUTE
    stm32f2xx_iwdg.c                         0x00000000   Number         0  stm32f2xx_iwdg.o ABSOLUTE
    stm32f2xx_pwr.c                          0x00000000   Number         0  stm32f2xx_pwr.o ABSOLUTE
    stm32f2xx_rcc.c                          0x00000000   Number         0  stm32f2xx_rcc.o ABSOLUTE
    stm32f2xx_rng.c                          0x00000000   Number         0  stm32f2xx_rng.o ABSOLUTE
    stm32f2xx_rtc.c                          0x00000000   Number         0  stm32f2xx_rtc.o ABSOLUTE
    stm32f2xx_sdio.c                         0x00000000   Number         0  stm32f2xx_sdio.o ABSOLUTE
    stm32f2xx_spi.c                          0x00000000   Number         0  stm32f2xx_spi.o ABSOLUTE
    stm32f2xx_syscfg.c                       0x00000000   Number         0  stm32f2xx_syscfg.o ABSOLUTE
    stm32f2xx_tim.c                          0x00000000   Number         0  stm32f2xx_tim.o ABSOLUTE
    stm32f2xx_usart.c                        0x00000000   Number         0  stm32f2xx_usart.o ABSOLUTE
    stm32f2xx_wwdg.c                         0x00000000   Number         0  stm32f2xx_wwdg.o ABSOLUTE
    sys.c                                    0x00000000   Number         0  sys.o ABSOLUTE
    system_stm32f2xx.c                       0x00000000   Number         0  system_stm32f2xx.o ABSOLUTE
    touch.c                                  0x00000000   Number         0  touch.o ABSOLUTE
    usart.c                                  0x00000000   Number         0  usart.o ABSOLUTE
    RESET                                    0x08000000   Section      388  startup_stm32f2xx.o(RESET)
    !!!main                                  0x08000184   Section        8  __main.o(!!!main)
    !!!scatter                               0x0800018c   Section       52  __scatter.o(!!!scatter)
    !!handler_zi                             0x080001c0   Section       28  __scatter_zi.o(!!handler_zi)
    .ARM.Collect$$libinit$$00000000          0x080001dc   Section        2  libinit.o(.ARM.Collect$$libinit$$00000000)
    .ARM.Collect$$libinit$$00000002          0x080001de   Section        0  libinit2.o(.ARM.Collect$$libinit$$00000002)
    .ARM.Collect$$libinit$$00000004          0x080001de   Section        0  libinit2.o(.ARM.Collect$$libinit$$00000004)
    .ARM.Collect$$libinit$$0000000A          0x080001de   Section        0  libinit2.o(.ARM.Collect$$libinit$$0000000A)
    .ARM.Collect$$libinit$$0000000C          0x080001de   Section        0  libinit2.o(.ARM.Collect$$libinit$$0000000C)
    .ARM.Collect$$libinit$$0000000E          0x080001de   Section        0  libinit2.o(.ARM.Collect$$libinit$$0000000E)
    .ARM.Collect$$libinit$$00000011          0x080001de   Section        0  libinit2.o(.ARM.Collect$$libinit$$00000011)
    .ARM.Collect$$libinit$$00000013          0x080001de   Section        0  libinit2.o(.ARM.Collect$$libinit$$00000013)
    .ARM.Collect$$libinit$$00000015          0x080001de   Section        0  libinit2.o(.ARM.Collect$$libinit$$00000015)
    .ARM.Collect$$libinit$$00000017          0x080001de   Section        0  libinit2.o(.ARM.Collect$$libinit$$00000017)
    .ARM.Collect$$libinit$$00000019          0x080001de   Section        0  libinit2.o(.ARM.Collect$$libinit$$00000019)
    .ARM.Collect$$libinit$$0000001B          0x080001de   Section        0  libinit2.o(.ARM.Collect$$libinit$$0000001B)
    .ARM.Collect$$libinit$$0000001D          0x080001de   Section        0  libinit2.o(.ARM.Collect$$libinit$$0000001D)
    .ARM.Collect$$libinit$$0000001F          0x080001de   Section        0  libinit2.o(.ARM.Collect$$libinit$$0000001F)
    .ARM.Collect$$libinit$$00000021          0x080001de   Section        0  libinit2.o(.ARM.Collect$$libinit$$00000021)
    .ARM.Collect$$libinit$$00000023          0x080001de   Section        0  libinit2.o(.ARM.Collect$$libinit$$00000023)
    .ARM.Collect$$libinit$$00000025          0x080001de   Section        0  libinit2.o(.ARM.Collect$$libinit$$00000025)
    .ARM.Collect$$libinit$$0000002C          0x080001de   Section        0  libinit2.o(.ARM.Collect$$libinit$$0000002C)
    .ARM.Collect$$libinit$$0000002E          0x080001de   Section        0  libinit2.o(.ARM.Collect$$libinit$$0000002E)
    .ARM.Collect$$libinit$$00000030          0x080001de   Section        0  libinit2.o(.ARM.Collect$$libinit$$00000030)
    .ARM.Collect$$libinit$$00000032          0x080001de   Section        0  libinit2.o(.ARM.Collect$$libinit$$00000032)
    .ARM.Collect$$libinit$$00000033          0x080001de   Section        2  libinit2.o(.ARM.Collect$$libinit$$00000033)
    .ARM.Collect$$libshutdown$$00000000      0x080001e0   Section        2  libshutdown.o(.ARM.Collect$$libshutdown$$00000000)
    .ARM.Collect$$libshutdown$$00000002      0x080001e2   Section        0  libshutdown2.o(.ARM.Collect$$libshutdown$$00000002)
    .ARM.Collect$$libshutdown$$00000004      0x080001e2   Section        0  libshutdown2.o(.ARM.Collect$$libshutdown$$00000004)
    .ARM.Collect$$libshutdown$$00000007      0x080001e2   Section        0  libshutdown2.o(.ARM.Collect$$libshutdown$$00000007)
    .ARM.Collect$$libshutdown$$0000000A      0x080001e2   Section        0  libshutdown2.o(.ARM.Collect$$libshutdown$$0000000A)
    .ARM.Collect$$libshutdown$$0000000C      0x080001e2   Section        0  libshutdown2.o(.ARM.Collect$$libshutdown$$0000000C)
    .ARM.Collect$$libshutdown$$0000000F      0x080001e2   Section        0  libshutdown2.o(.ARM.Collect$$libshutdown$$0000000F)
    .ARM.Collect$$libshutdown$$00000010      0x080001e2   Section        2  libshutdown2.o(.ARM.Collect$$libshutdown$$00000010)
    .ARM.Collect$$rtentry$$00000000          0x080001e4   Section        0  __rtentry.o(.ARM.Collect$$rtentry$$00000000)
    .ARM.Collect$$rtentry$$00000002          0x080001e4   Section        0  __rtentry2.o(.ARM.Collect$$rtentry$$00000002)
    .ARM.Collect$$rtentry$$00000004          0x080001e4   Section        6  __rtentry4.o(.ARM.Collect$$rtentry$$00000004)
    .ARM.Collect$$rtentry$$00000009          0x080001ea   Section        0  __rtentry2.o(.ARM.Collect$$rtentry$$00000009)
    .ARM.Collect$$rtentry$$0000000A          0x080001ea   Section        4  __rtentry2.o(.ARM.Collect$$rtentry$$0000000A)
    .ARM.Collect$$rtentry$$0000000C          0x080001ee   Section        0  __rtentry2.o(.ARM.Collect$$rtentry$$0000000C)
    .ARM.Collect$$rtentry$$0000000D          0x080001ee   Section        8  __rtentry2.o(.ARM.Collect$$rtentry$$0000000D)
    .ARM.Collect$$rtexit$$00000000           0x080001f6   Section        2  rtexit.o(.ARM.Collect$$rtexit$$00000000)
    .ARM.Collect$$rtexit$$00000002           0x080001f8   Section        0  rtexit2.o(.ARM.Collect$$rtexit$$00000002)
    .ARM.Collect$$rtexit$$00000003           0x080001f8   Section        4  rtexit2.o(.ARM.Collect$$rtexit$$00000003)
    .ARM.Collect$$rtexit$$00000004           0x080001fc   Section        6  rtexit2.o(.ARM.Collect$$rtexit$$00000004)
    .text                                    0x08000204   Section       56  startup_stm32f2xx.o(.text)
    .text                                    0x0800023c   Section        0  heapauxi.o(.text)
    .text                                    0x08000242   Section       74  sys_stackheap_outer.o(.text)
    .text                                    0x0800028c   Section        0  exit.o(.text)
    .text                                    0x080002a0   Section        8  libspace.o(.text)
    .text                                    0x080002a8   Section        0  sys_exit.o(.text)
    .text                                    0x080002b4   Section        2  use_no_semi.o(.text)
    .text                                    0x080002b6   Section        0  indicate_semi.o(.text)
    [Anonymous Symbol]                       0x080002b8   Section        0  stm32f2xx_it.o(.text.BusFault_Handler)
    [Anonymous Symbol]                       0x080002bc   Section        0  chess.o(.text.ClickToPutChess)
    [Anonymous Symbol]                       0x080003b4   Section        0  stm32f2xx_it.o(.text.DebugMon_Handler)
    [Anonymous Symbol]                       0x080003b8   Section        0  sys.o(.text.Delay_ms)
    [Anonymous Symbol]                       0x080003c0   Section        0  stm32f2xx_it.o(.text.ETH_IRQHandler)
    [Anonymous Symbol]                       0x080003c4   Section        0  chess.o(.text.EXTI2_IRQHandler)
    [Anonymous Symbol]                       0x080003f8   Section        0  stm32f2xx_exti.o(.text.EXTI_ClearITPendingBit)
    [Anonymous Symbol]                       0x08000404   Section        0  stm32f2xx_exti.o(.text.EXTI_GetITStatus)
    [Anonymous Symbol]                       0x08000424   Section        0  stm32f2xx_exti.o(.text.EXTI_Init)
    [Anonymous Symbol]                       0x0800048c   Section        0  stm32f2xx_fsmc.o(.text.FSMC_NORSRAMCmd)
    [Anonymous Symbol]                       0x080004b0   Section        0  stm32f2xx_fsmc.o(.text.FSMC_NORSRAMInit)
    [Anonymous Symbol]                       0x08000570   Section        0  stm32f2xx_gpio.o(.text.GPIO_Init)
    [Anonymous Symbol]                       0x080005f8   Section        0  stm32f2xx_gpio.o(.text.GPIO_PinAFConfig)
    [Anonymous Symbol]                       0x08000620   Section        0  stm32f2xx_gpio.o(.text.GPIO_ResetBits)
    [Anonymous Symbol]                       0x08000624   Section        0  stm32f2xx_gpio.o(.text.GPIO_SetBits)
    [Anonymous Symbol]                       0x08000628   Section        0  stm32f2xx_it.o(.text.HardFault_Handler)
    [Anonymous Symbol]                       0x0800062c   Section        0  main.o(.text.InitCheckerBoardCoordinate)
    [Anonymous Symbol]                       0x08000704   Section        0  usart.o(.text.IsCompleteReceive)
    [Anonymous Symbol]                       0x08000714   Section        0  lcd.o(.text.LCDInit)
    [Anonymous Symbol]                       0x08000b10   Section        0  lcd.o(.text.LCD_ColourFillScreen)
    [Anonymous Symbol]                       0x08000b48   Section        0  lcd.o(.text.LCD_DrawChess)
    [Anonymous Symbol]                       0x08000bbc   Section        0  lcd.o(.text.LCD_DrawLine)
    [Anonymous Symbol]                       0x08000c20   Section        0  lcd.o(.text.LCD_DrawPoint)
    [Anonymous Symbol]                       0x08000c38   Section        0  lcd.o(.text.LCD_IO_WriteData)
    [Anonymous Symbol]                       0x08000c44   Section        0  lcd.o(.text.LCD_IO_WriteReg)
    [Anonymous Symbol]                       0x08000c4c   Section        0  lcd.o(.text.LCD_InitCheckerBoard)
    [Anonymous Symbol]                       0x08000c94   Section        0  lcd.o(.text.LCD_SetCursor)
    [Anonymous Symbol]                       0x08000cc0   Section        0  lcd.o(.text.LCD_ShowChar)
    [Anonymous Symbol]                       0x08000d94   Section        0  stm32f2xx_it.o(.text.MemManage_Handler)
    [Anonymous Symbol]                       0x08000d98   Section        0  stm32f2xx_it.o(.text.NMI_Handler)
    [Anonymous Symbol]                       0x08000d9c   Section        0  misc.o(.text.NVIC_Init)
    [Anonymous Symbol]                       0x08000e00   Section        0  misc.o(.text.NVIC_PriorityGroupConfig)
    [Anonymous Symbol]                       0x08000e14   Section        0  misc.o(.text.NVIC_SetVectorTable)
    [Anonymous Symbol]                       0x08000e2c   Section        0  stm32f2xx_it.o(.text.PendSV_Handler)
    [Anonymous Symbol]                       0x08000e30   Section        0  main.o(.text.PrintMesgToLCD)
    [Anonymous Symbol]                       0x08000e84   Section        0  stm32f2xx_rcc.o(.text.RCC_AHB1PeriphClockCmd)
    [Anonymous Symbol]                       0x08000e9c   Section        0  stm32f2xx_rcc.o(.text.RCC_AHB3PeriphClockCmd)
    [Anonymous Symbol]                       0x08000eb4   Section        0  stm32f2xx_rcc.o(.text.RCC_APB2PeriphClockCmd)
    [Anonymous Symbol]                       0x08000ecc   Section        0  stm32f2xx_rcc.o(.text.RCC_GetClocksFreq)
    [Anonymous Symbol]                       0x08000f64   Section        0  stm32f2xx_spi.o(.text.SPI_Cmd)
    [Anonymous Symbol]                       0x08000f78   Section        0  stm32f2xx_spi.o(.text.SPI_I2S_GetFlagStatus)
    [Anonymous Symbol]                       0x08000f84   Section        0  stm32f2xx_spi.o(.text.SPI_I2S_ReceiveData)
    [Anonymous Symbol]                       0x08000f88   Section        0  stm32f2xx_spi.o(.text.SPI_I2S_SendData)
    [Anonymous Symbol]                       0x08000f8c   Section        0  stm32f2xx_spi.o(.text.SPI_Init)
    [Anonymous Symbol]                       0x08000fd4   Section        0  touch.o(.text.SPI_X)
    [Anonymous Symbol]                       0x08001060   Section        0  touch.o(.text.SPI_Y)
    [Anonymous Symbol]                       0x080010ec   Section        0  stm32f2xx_it.o(.text.SVC_Handler)
    [Anonymous Symbol]                       0x080010f0   Section        0  stm32f2xx_syscfg.o(.text.SYSCFG_EXTILineConfig)
    [Anonymous Symbol]                       0x08001120   Section        0  stm32f2xx_it.o(.text.SysTick_Handler)
    [Anonymous Symbol]                       0x08001124   Section        0  sys.o(.text.SystemCKInit)
    [Anonymous Symbol]                       0x080011ec   Section        0  stm32f2xx_it.o(.text.TIM2_IRQHandler)
    [Anonymous Symbol]                       0x080011f0   Section        0  touch.o(.text.TouchScreenInit)
    [Anonymous Symbol]                       0x0800131c   Section        0  stm32f2xx_it.o(.text.UART4_IRQHandler)
    [Anonymous Symbol]                       0x08001320   Section        0  stm32f2xx_it.o(.text.UART5_IRQHandler)
    [Anonymous Symbol]                       0x08001324   Section        0  usart.o(.text.USART1_IRQHandler)
    [Anonymous Symbol]                       0x080013a0   Section        0  stm32f2xx_it.o(.text.USART2_IRQHandler)
    [Anonymous Symbol]                       0x080013a4   Section        0  stm32f2xx_it.o(.text.USART3_IRQHandler)
    [Anonymous Symbol]                       0x080013a8   Section        0  stm32f2xx_it.o(.text.USART6_IRQHandler)
    [Anonymous Symbol]                       0x080013ac   Section        0  stm32f2xx_usart.o(.text.USART_ClearITPendingBit)
    [Anonymous Symbol]                       0x080013bc   Section        0  stm32f2xx_usart.o(.text.USART_Cmd)
    [Anonymous Symbol]                       0x080013d0   Section        0  stm32f2xx_usart.o(.text.USART_GetFlagStatus)
    [Anonymous Symbol]                       0x080013dc   Section        0  stm32f2xx_usart.o(.text.USART_GetITStatus)
    [Anonymous Symbol]                       0x0800140c   Section        0  stm32f2xx_usart.o(.text.USART_ITConfig)
    [Anonymous Symbol]                       0x0800143c   Section        0  stm32f2xx_usart.o(.text.USART_Init)
    [Anonymous Symbol]                       0x080014f8   Section        0  stm32f2xx_usart.o(.text.USART_ReceiveData)
    [Anonymous Symbol]                       0x08001500   Section        0  stm32f2xx_usart.o(.text.USART_SendData)
    [Anonymous Symbol]                       0x08001508   Section        0  stm32f2xx_it.o(.text.UsageFault_Handler)
    [Anonymous Symbol]                       0x0800150c   Section        0  main.o(.text.main)
    [Anonymous Symbol]                       0x080015c0   Section        0  sys.o(.text.my_strlen)
    [Anonymous Symbol]                       0x080015d4   Section        0  usart.o(.text.usart_Init)
    [Anonymous Symbol]                       0x0800169c   Section        0  usart.o(.text.usart_send)
    x$fpl$dadd                               0x080016cc   Section      336  daddsub_clz.o(x$fpl$dadd)
    _dadd1                                   0x080016dd   Thumb Code     0  daddsub_clz.o(x$fpl$dadd)
    x$fpl$dfix                               0x0800181c   Section       94  dfix.o(x$fpl$dfix)
    x$fpl$dfltu                              0x0800187a   Section       38  dflt_clz.o(x$fpl$dfltu)
    x$fpl$dmul                               0x080018a0   Section      340  dmul.o(x$fpl$dmul)
    x$fpl$dnaninf                            0x080019f4   Section      156  dnaninf.o(x$fpl$dnaninf)
    x$fpl$dretinf                            0x08001a90   Section       12  dretinf.o(x$fpl$dretinf)
    x$fpl$dsub                               0x08001a9c   Section      476  daddsub_clz.o(x$fpl$dsub)
    _dsub1                                   0x08001aad   Thumb Code     0  daddsub_clz.o(x$fpl$dsub)
    APBAHBPrescTable                         0x08001c78   Data          16  stm32f2xx_rcc.o(.rodata.APBAHBPrescTable)
    [Anonymous Symbol]                       0x08001c78   Section        0  stm32f2xx_rcc.o(.rodata.APBAHBPrescTable)
    x$fpl$usenofp                            0x08001c78   Section        0  usenofp.o(x$fpl$usenofp)
    .bss                                     0x20000000   Section       96  libspace.o(.bss)
    Heap_Mem                                 0x20000518   Data         512  startup_stm32f2xx.o(HEAP)
    HEAP                                     0x20000518   Section      512  startup_stm32f2xx.o(HEAP)
    Stack_Mem                                0x20000718   Data        1024  startup_stm32f2xx.o(STACK)
    STACK                                    0x20000718   Section     1024  startup_stm32f2xx.o(STACK)
    __initial_sp                             0x20000b18   Data           0  startup_stm32f2xx.o(STACK)

    Global Symbols

    Symbol Name                              Value     Ov Type        Size  Object(Section)

    BuildAttributes$$THM_ISAv4$P$D$K$B$S$PE$A:L22UL41UL21$X:L11$S22US41US21$IEEE1$IW$~IW$USESV6$~STKCKD$USESV7$~SHL$OTIME$ROPI$EBA8$UX$STANDARDLIB$REQ8$PRES8$EABIv2 0x00000000   Number         0  anon$$obj.o ABSOLUTE
    __fp_init_empty                          0x00000000   Number         0  fpinit_empty.o ABSOLUTE
    __ARM_exceptions_init                     - Undefined Weak Reference
    __alloca_initialize                       - Undefined Weak Reference
    __arm_preinit_                            - Undefined Weak Reference
    __cpp_initialize__aeabi_                  - Undefined Weak Reference
    __cxa_finalize                            - Undefined Weak Reference
    __rt_locale                               - Undefined Weak Reference
    __sigvec_lookup                           - Undefined Weak Reference
    _atexit_init                              - Undefined Weak Reference
    _call_atexit_fns                          - Undefined Weak Reference
    _clock_init                               - Undefined Weak Reference
    _fp_trap_init                             - Undefined Weak Reference
    _fp_trap_shutdown                         - Undefined Weak Reference
    _get_lc_collate                           - Undefined Weak Reference
    _get_lc_ctype                             - Undefined Weak Reference
    _get_lc_monetary                          - Undefined Weak Reference
    _get_lc_numeric                           - Undefined Weak Reference
    _get_lc_time                              - Undefined Weak Reference
    _getenv_init                              - Undefined Weak Reference
    _handle_redirection                       - Undefined Weak Reference
    _init_alloc                               - Undefined Weak Reference
    _init_user_alloc                          - Undefined Weak Reference
    _initio                                   - Undefined Weak Reference
    _rand_init                                - Undefined Weak Reference
    _signal_finish                            - Undefined Weak Reference
    _signal_init                              - Undefined Weak Reference
    _terminate_alloc                          - Undefined Weak Reference
    _terminate_user_alloc                     - Undefined Weak Reference
    _terminateio                              - Undefined Weak Reference
    __Vectors_Size                           0x00000184   Number         0  startup_stm32f2xx.o ABSOLUTE
    __Vectors                                0x08000000   Data           4  startup_stm32f2xx.o(RESET)
    __Vectors_End                            0x08000184   Data           0  startup_stm32f2xx.o(RESET)
    __main                                   0x08000185   Thumb Code     8  __main.o(!!!main)
    __scatterload                            0x0800018d   Thumb Code     0  __scatter.o(!!!scatter)
    __scatterload_rt2                        0x0800018d   Thumb Code    44  __scatter.o(!!!scatter)
    __scatterload_rt2_thumb_only             0x0800018d   Thumb Code     0  __scatter.o(!!!scatter)
    __scatterload_null                       0x0800019b   Thumb Code     0  __scatter.o(!!!scatter)
    __scatterload_zeroinit                   0x080001c1   Thumb Code    28  __scatter_zi.o(!!handler_zi)
    __rt_lib_init                            0x080001dd   Thumb Code     0  libinit.o(.ARM.Collect$$libinit$$00000000)
    __rt_lib_init_alloca_1                   0x080001df   Thumb Code     0  libinit2.o(.ARM.Collect$$libinit$$0000002E)
    __rt_lib_init_argv_1                     0x080001df   Thumb Code     0  libinit2.o(.ARM.Collect$$libinit$$0000002C)
    __rt_lib_init_atexit_1                   0x080001df   Thumb Code     0  libinit2.o(.ARM.Collect$$libinit$$0000001B)
    __rt_lib_init_clock_1                    0x080001df   Thumb Code     0  libinit2.o(.ARM.Collect$$libinit$$00000021)
    __rt_lib_init_cpp_1                      0x080001df   Thumb Code     0  libinit2.o(.ARM.Collect$$libinit$$00000032)
    __rt_lib_init_exceptions_1               0x080001df   Thumb Code     0  libinit2.o(.ARM.Collect$$libinit$$00000030)
    __rt_lib_init_fp_1                       0x080001df   Thumb Code     0  libinit2.o(.ARM.Collect$$libinit$$00000002)
    __rt_lib_init_fp_trap_1                  0x080001df   Thumb Code     0  libinit2.o(.ARM.Collect$$libinit$$0000001F)
    __rt_lib_init_getenv_1                   0x080001df   Thumb Code     0  libinit2.o(.ARM.Collect$$libinit$$00000023)
    __rt_lib_init_heap_1                     0x080001df   Thumb Code     0  libinit2.o(.ARM.Collect$$libinit$$0000000A)
    __rt_lib_init_lc_collate_1               0x080001df   Thumb Code     0  libinit2.o(.ARM.Collect$$libinit$$00000011)
    __rt_lib_init_lc_ctype_1                 0x080001df   Thumb Code     0  libinit2.o(.ARM.Collect$$libinit$$00000013)
    __rt_lib_init_lc_monetary_1              0x080001df   Thumb Code     0  libinit2.o(.ARM.Collect$$libinit$$00000015)
    __rt_lib_init_lc_numeric_1               0x080001df   Thumb Code     0  libinit2.o(.ARM.Collect$$libinit$$00000017)
    __rt_lib_init_lc_time_1                  0x080001df   Thumb Code     0  libinit2.o(.ARM.Collect$$libinit$$00000019)
    __rt_lib_init_preinit_1                  0x080001df   Thumb Code     0  libinit2.o(.ARM.Collect$$libinit$$00000004)
    __rt_lib_init_rand_1                     0x080001df   Thumb Code     0  libinit2.o(.ARM.Collect$$libinit$$0000000E)
    __rt_lib_init_return                     0x080001df   Thumb Code     0  libinit2.o(.ARM.Collect$$libinit$$00000033)
    __rt_lib_init_signal_1                   0x080001df   Thumb Code     0  libinit2.o(.ARM.Collect$$libinit$$0000001D)
    __rt_lib_init_stdio_1                    0x080001df   Thumb Code     0  libinit2.o(.ARM.Collect$$libinit$$00000025)
    __rt_lib_init_user_alloc_1               0x080001df   Thumb Code     0  libinit2.o(.ARM.Collect$$libinit$$0000000C)
    __rt_lib_shutdown                        0x080001e1   Thumb Code     0  libshutdown.o(.ARM.Collect$$libshutdown$$00000000)
    __rt_lib_shutdown_cpp_1                  0x080001e3   Thumb Code     0  libshutdown2.o(.ARM.Collect$$libshutdown$$00000002)
    __rt_lib_shutdown_fp_trap_1              0x080001e3   Thumb Code     0  libshutdown2.o(.ARM.Collect$$libshutdown$$00000007)
    __rt_lib_shutdown_heap_1                 0x080001e3   Thumb Code     0  libshutdown2.o(.ARM.Collect$$libshutdown$$0000000F)
    __rt_lib_shutdown_return                 0x080001e3   Thumb Code     0  libshutdown2.o(.ARM.Collect$$libshutdown$$00000010)
    __rt_lib_shutdown_signal_1               0x080001e3   Thumb Code     0  libshutdown2.o(.ARM.Collect$$libshutdown$$0000000A)
    __rt_lib_shutdown_stdio_1                0x080001e3   Thumb Code     0  libshutdown2.o(.ARM.Collect$$libshutdown$$00000004)
    __rt_lib_shutdown_user_alloc_1           0x080001e3   Thumb Code     0  libshutdown2.o(.ARM.Collect$$libshutdown$$0000000C)
    __rt_entry                               0x080001e5   Thumb Code     0  __rtentry.o(.ARM.Collect$$rtentry$$00000000)
    __rt_entry_presh_1                       0x080001e5   Thumb Code     0  __rtentry2.o(.ARM.Collect$$rtentry$$00000002)
    __rt_entry_sh                            0x080001e5   Thumb Code     0  __rtentry4.o(.ARM.Collect$$rtentry$$00000004)
    __rt_entry_li                            0x080001eb   Thumb Code     0  __rtentry2.o(.ARM.Collect$$rtentry$$0000000A)
    __rt_entry_postsh_1                      0x080001eb   Thumb Code     0  __rtentry2.o(.ARM.Collect$$rtentry$$00000009)
    __rt_entry_main                          0x080001ef   Thumb Code     0  __rtentry2.o(.ARM.Collect$$rtentry$$0000000D)
    __rt_entry_postli_1                      0x080001ef   Thumb Code     0  __rtentry2.o(.ARM.Collect$$rtentry$$0000000C)
    __rt_exit                                0x080001f7   Thumb Code     0  rtexit.o(.ARM.Collect$$rtexit$$00000000)
    __rt_exit_ls                             0x080001f9   Thumb Code     0  rtexit2.o(.ARM.Collect$$rtexit$$00000003)
    __rt_exit_prels_1                        0x080001f9   Thumb Code     0  rtexit2.o(.ARM.Collect$$rtexit$$00000002)
    __rt_exit_exit                           0x080001fd   Thumb Code     0  rtexit2.o(.ARM.Collect$$rtexit$$00000004)
    Reset_Handler                            0x08000205   Thumb Code     4  startup_stm32f2xx.o(.text)
    ADC_IRQHandler                           0x0800021b   Thumb Code     0  startup_stm32f2xx.o(.text)
    CAN1_RX0_IRQHandler                      0x0800021b   Thumb Code     0  startup_stm32f2xx.o(.text)
    CAN1_RX1_IRQHandler                      0x0800021b   Thumb Code     0  startup_stm32f2xx.o(.text)
    CAN1_SCE_IRQHandler                      0x0800021b   Thumb Code     0  startup_stm32f2xx.o(.text)
    CAN1_TX_IRQHandler                       0x0800021b   Thumb Code     0  startup_stm32f2xx.o(.text)
    CAN2_RX0_IRQHandler                      0x0800021b   Thumb Code     0  startup_stm32f2xx.o(.text)
    CAN2_RX1_IRQHandler                      0x0800021b   Thumb Code     0  startup_stm32f2xx.o(.text)
    CAN2_SCE_IRQHandler                      0x0800021b   Thumb Code     0  startup_stm32f2xx.o(.text)
    CAN2_TX_IRQHandler                       0x0800021b   Thumb Code     0  startup_stm32f2xx.o(.text)
    CRYP_IRQHandler                          0x0800021b   Thumb Code     0  startup_stm32f2xx.o(.text)
    DCMI_IRQHandler                          0x0800021b   Thumb Code     0  startup_stm32f2xx.o(.text)
    DMA1_Stream0_IRQHandler                  0x0800021b   Thumb Code     0  startup_stm32f2xx.o(.text)
    DMA1_Stream1_IRQHandler                  0x0800021b   Thumb Code     0  startup_stm32f2xx.o(.text)
    DMA1_Stream2_IRQHandler                  0x0800021b   Thumb Code     0  startup_stm32f2xx.o(.text)
    DMA1_Stream3_IRQHandler                  0x0800021b   Thumb Code     0  startup_stm32f2xx.o(.text)
    DMA1_Stream4_IRQHandler                  0x0800021b   Thumb Code     0  startup_stm32f2xx.o(.text)
    DMA1_Stream5_IRQHandler                  0x0800021b   Thumb Code     0  startup_stm32f2xx.o(.text)
    DMA1_Stream6_IRQHandler                  0x0800021b   Thumb Code     0  startup_stm32f2xx.o(.text)
    DMA1_Stream7_IRQHandler                  0x0800021b   Thumb Code     0  startup_stm32f2xx.o(.text)
    DMA2_Stream0_IRQHandler                  0x0800021b   Thumb Code     0  startup_stm32f2xx.o(.text)
    DMA2_Stream1_IRQHandler                  0x0800021b   Thumb Code     0  startup_stm32f2xx.o(.text)
    DMA2_Stream2_IRQHandler                  0x0800021b   Thumb Code     0  startup_stm32f2xx.o(.text)
    DMA2_Stream3_IRQHandler                  0x0800021b   Thumb Code     0  startup_stm32f2xx.o(.text)
    DMA2_Stream4_IRQHandler                  0x0800021b   Thumb Code     0  startup_stm32f2xx.o(.text)
    DMA2_Stream5_IRQHandler                  0x0800021b   Thumb Code     0  startup_stm32f2xx.o(.text)
    DMA2_Stream6_IRQHandler                  0x0800021b   Thumb Code     0  startup_stm32f2xx.o(.text)
    DMA2_Stream7_IRQHandler                  0x0800021b   Thumb Code     0  startup_stm32f2xx.o(.text)
    ETH_WKUP_IRQHandler                      0x0800021b   Thumb Code     0  startup_stm32f2xx.o(.text)
    EXTI0_IRQHandler                         0x0800021b   Thumb Code     0  startup_stm32f2xx.o(.text)
    EXTI15_10_IRQHandler                     0x0800021b   Thumb Code     0  startup_stm32f2xx.o(.text)
    EXTI1_IRQHandler                         0x0800021b   Thumb Code     0  startup_stm32f2xx.o(.text)
    EXTI3_IRQHandler                         0x0800021b   Thumb Code     0  startup_stm32f2xx.o(.text)
    EXTI4_IRQHandler                         0x0800021b   Thumb Code     0  startup_stm32f2xx.o(.text)
    EXTI9_5_IRQHandler                       0x0800021b   Thumb Code     0  startup_stm32f2xx.o(.text)
    FLASH_IRQHandler                         0x0800021b   Thumb Code     0  startup_stm32f2xx.o(.text)
    FSMC_IRQHandler                          0x0800021b   Thumb Code     0  startup_stm32f2xx.o(.text)
    HASH_RNG_IRQHandler                      0x0800021b   Thumb Code     0  startup_stm32f2xx.o(.text)
    I2C1_ER_IRQHandler                       0x0800021b   Thumb Code     0  startup_stm32f2xx.o(.text)
    I2C1_EV_IRQHandler                       0x0800021b   Thumb Code     0  startup_stm32f2xx.o(.text)
    I2C2_ER_IRQHandler                       0x0800021b   Thumb Code     0  startup_stm32f2xx.o(.text)
    I2C2_EV_IRQHandler                       0x0800021b   Thumb Code     0  startup_stm32f2xx.o(.text)
    I2C3_ER_IRQHandler                       0x0800021b   Thumb Code     0  startup_stm32f2xx.o(.text)
    I2C3_EV_IRQHandler                       0x0800021b   Thumb Code     0  startup_stm32f2xx.o(.text)
    OTG_FS_IRQHandler                        0x0800021b   Thumb Code     0  startup_stm32f2xx.o(.text)
    OTG_FS_WKUP_IRQHandler                   0x0800021b   Thumb Code     0  startup_stm32f2xx.o(.text)
    OTG_HS_EP1_IN_IRQHandler                 0x0800021b   Thumb Code     0  startup_stm32f2xx.o(.text)
    OTG_HS_EP1_OUT_IRQHandler                0x0800021b   Thumb Code     0  startup_stm32f2xx.o(.text)
    OTG_HS_IRQHandler                        0x0800021b   Thumb Code     0  startup_stm32f2xx.o(.text)
    OTG_HS_WKUP_IRQHandler                   0x0800021b   Thumb Code     0  startup_stm32f2xx.o(.text)
    PVD_IRQHandler                           0x0800021b   Thumb Code     0  startup_stm32f2xx.o(.text)
    RCC_IRQHandler                           0x0800021b   Thumb Code     0  startup_stm32f2xx.o(.text)
    RTC_Alarm_IRQHandler                     0x0800021b   Thumb Code     0  startup_stm32f2xx.o(.text)
    RTC_WKUP_IRQHandler                      0x0800021b   Thumb Code     0  startup_stm32f2xx.o(.text)
    SDIO_IRQHandler                          0x0800021b   Thumb Code     0  startup_stm32f2xx.o(.text)
    SPI1_IRQHandler                          0x0800021b   Thumb Code     0  startup_stm32f2xx.o(.text)
    SPI2_IRQHandler                          0x0800021b   Thumb Code     0  startup_stm32f2xx.o(.text)
    SPI3_IRQHandler                          0x0800021b   Thumb Code     0  startup_stm32f2xx.o(.text)
    TAMP_STAMP_IRQHandler                    0x0800021b   Thumb Code     0  startup_stm32f2xx.o(.text)
    TIM1_BRK_TIM9_IRQHandler                 0x0800021b   Thumb Code     0  startup_stm32f2xx.o(.text)
    TIM1_CC_IRQHandler                       0x0800021b   Thumb Code     0  startup_stm32f2xx.o(.text)
    TIM1_TRG_COM_TIM11_IRQHandler            0x0800021b   Thumb Code     0  startup_stm32f2xx.o(.text)
    TIM1_UP_TIM10_IRQHandler                 0x0800021b   Thumb Code     0  startup_stm32f2xx.o(.text)
    TIM3_IRQHandler                          0x0800021b   Thumb Code     0  startup_stm32f2xx.o(.text)
    TIM4_IRQHandler                          0x0800021b   Thumb Code     0  startup_stm32f2xx.o(.text)
    TIM5_IRQHandler                          0x0800021b   Thumb Code     0  startup_stm32f2xx.o(.text)
    TIM6_DAC_IRQHandler                      0x0800021b   Thumb Code     0  startup_stm32f2xx.o(.text)
    TIM7_IRQHandler                          0x0800021b   Thumb Code     0  startup_stm32f2xx.o(.text)
    TIM8_BRK_TIM12_IRQHandler                0x0800021b   Thumb Code     0  startup_stm32f2xx.o(.text)
    TIM8_CC_IRQHandler                       0x0800021b   Thumb Code     0  startup_stm32f2xx.o(.text)
    TIM8_TRG_COM_TIM14_IRQHandler            0x0800021b   Thumb Code     0  startup_stm32f2xx.o(.text)
    TIM8_UP_TIM13_IRQHandler                 0x0800021b   Thumb Code     0  startup_stm32f2xx.o(.text)
    WWDG_IRQHandler                          0x0800021b   Thumb Code     0  startup_stm32f2xx.o(.text)
    __user_initial_stackheap                 0x0800021d   Thumb Code     0  startup_stm32f2xx.o(.text)
    __use_two_region_memory                  0x0800023d   Thumb Code     2  heapauxi.o(.text)
    __rt_heap_escrow$2region                 0x0800023f   Thumb Code     2  heapauxi.o(.text)
    __rt_heap_expand$2region                 0x08000241   Thumb Code     2  heapauxi.o(.text)
    __user_setup_stackheap                   0x08000243   Thumb Code    74  sys_stackheap_outer.o(.text)
    exit                                     0x0800028d   Thumb Code    18  exit.o(.text)
    __user_libspace                          0x080002a1   Thumb Code     8  libspace.o(.text)
    __user_perproc_libspace                  0x080002a1   Thumb Code     0  libspace.o(.text)
    __user_perthread_libspace                0x080002a1   Thumb Code     0  libspace.o(.text)
    _sys_exit                                0x080002a9   Thumb Code     8  sys_exit.o(.text)
    __I$use$semihosting                      0x080002b5   Thumb Code     0  use_no_semi.o(.text)
    __use_no_semihosting_swi                 0x080002b5   Thumb Code     2  use_no_semi.o(.text)
    __semihosting_library_function           0x080002b7   Thumb Code     0  indicate_semi.o(.text)
    BusFault_Handler                         0x080002b9   Thumb Code     2  stm32f2xx_it.o(.text.BusFault_Handler)
    ClickToPutChess                          0x080002bd   Thumb Code   248  chess.o(.text.ClickToPutChess)
    DebugMon_Handler                         0x080003b5   Thumb Code     2  stm32f2xx_it.o(.text.DebugMon_Handler)
    Delay_ms                                 0x080003b9   Thumb Code     6  sys.o(.text.Delay_ms)
    ETH_IRQHandler                           0x080003c1   Thumb Code     2  stm32f2xx_it.o(.text.ETH_IRQHandler)
    EXTI2_IRQHandler                         0x080003c5   Thumb Code    50  chess.o(.text.EXTI2_IRQHandler)
    EXTI_ClearITPendingBit                   0x080003f9   Thumb Code    12  stm32f2xx_exti.o(.text.EXTI_ClearITPendingBit)
    EXTI_GetITStatus                         0x08000405   Thumb Code    30  stm32f2xx_exti.o(.text.EXTI_GetITStatus)
    EXTI_Init                                0x08000425   Thumb Code   104  stm32f2xx_exti.o(.text.EXTI_Init)
    FSMC_NORSRAMCmd                          0x0800048d   Thumb Code    36  stm32f2xx_fsmc.o(.text.FSMC_NORSRAMCmd)
    FSMC_NORSRAMInit                         0x080004b1   Thumb Code   192  stm32f2xx_fsmc.o(.text.FSMC_NORSRAMInit)
    GPIO_Init                                0x08000571   Thumb Code   134  stm32f2xx_gpio.o(.text.GPIO_Init)
    GPIO_PinAFConfig                         0x080005f9   Thumb Code    40  stm32f2xx_gpio.o(.text.GPIO_PinAFConfig)
    GPIO_ResetBits                           0x08000621   Thumb Code     4  stm32f2xx_gpio.o(.text.GPIO_ResetBits)
    GPIO_SetBits                             0x08000625   Thumb Code     4  stm32f2xx_gpio.o(.text.GPIO_SetBits)
    HardFault_Handler                        0x08000629   Thumb Code     2  stm32f2xx_it.o(.text.HardFault_Handler)
    InitCheckerBoardCoordinate               0x0800062d   Thumb Code   216  main.o(.text.InitCheckerBoardCoordinate)
    IsCompleteReceive                        0x08000705   Thumb Code    14  usart.o(.text.IsCompleteReceive)
    LCDInit                                  0x08000715   Thumb Code  1018  lcd.o(.text.LCDInit)
    LCD_ColourFillScreen                     0x08000b11   Thumb Code    56  lcd.o(.text.LCD_ColourFillScreen)
    LCD_DrawChess                            0x08000b49   Thumb Code   114  lcd.o(.text.LCD_DrawChess)
    LCD_DrawLine                             0x08000bbd   Thumb Code    98  lcd.o(.text.LCD_DrawLine)
    LCD_DrawPoint                            0x08000c21   Thumb Code    22  lcd.o(.text.LCD_DrawPoint)
    LCD_IO_WriteData                         0x08000c39   Thumb Code    10  lcd.o(.text.LCD_IO_WriteData)
    LCD_IO_WriteReg                          0x08000c45   Thumb Code     8  lcd.o(.text.LCD_IO_WriteReg)
    LCD_InitCheckerBoard                     0x08000c4d   Thumb Code    72  lcd.o(.text.LCD_InitCheckerBoard)
    LCD_SetCursor                            0x08000c95   Thumb Code    44  lcd.o(.text.LCD_SetCursor)
    LCD_ShowChar                             0x08000cc1   Thumb Code   212  lcd.o(.text.LCD_ShowChar)
    MemManage_Handler                        0x08000d95   Thumb Code     2  stm32f2xx_it.o(.text.MemManage_Handler)
    NMI_Handler                              0x08000d99   Thumb Code     2  stm32f2xx_it.o(.text.NMI_Handler)
    NVIC_Init                                0x08000d9d   Thumb Code    98  misc.o(.text.NVIC_Init)
    NVIC_PriorityGroupConfig                 0x08000e01   Thumb Code    20  misc.o(.text.NVIC_PriorityGroupConfig)
    NVIC_SetVectorTable                      0x08000e15   Thumb Code    24  misc.o(.text.NVIC_SetVectorTable)
    PendSV_Handler                           0x08000e2d   Thumb Code     2  stm32f2xx_it.o(.text.PendSV_Handler)
    PrintMesgToLCD                           0x08000e31   Thumb Code    82  main.o(.text.PrintMesgToLCD)
    RCC_AHB1PeriphClockCmd                   0x08000e85   Thumb Code    24  stm32f2xx_rcc.o(.text.RCC_AHB1PeriphClockCmd)
    RCC_AHB3PeriphClockCmd                   0x08000e9d   Thumb Code    24  stm32f2xx_rcc.o(.text.RCC_AHB3PeriphClockCmd)
    RCC_APB2PeriphClockCmd                   0x08000eb5   Thumb Code    24  stm32f2xx_rcc.o(.text.RCC_APB2PeriphClockCmd)
    RCC_GetClocksFreq                        0x08000ecd   Thumb Code   150  stm32f2xx_rcc.o(.text.RCC_GetClocksFreq)
    SPI_Cmd                                  0x08000f65   Thumb Code    20  stm32f2xx_spi.o(.text.SPI_Cmd)
    SPI_I2S_GetFlagStatus                    0x08000f79   Thumb Code    10  stm32f2xx_spi.o(.text.SPI_I2S_GetFlagStatus)
    SPI_I2S_ReceiveData                      0x08000f85   Thumb Code     4  stm32f2xx_spi.o(.text.SPI_I2S_ReceiveData)
    SPI_I2S_SendData                         0x08000f89   Thumb Code     4  stm32f2xx_spi.o(.text.SPI_I2S_SendData)
    SPI_Init                                 0x08000f8d   Thumb Code    70  stm32f2xx_spi.o(.text.SPI_Init)
    SPI_X                                    0x08000fd5   Thumb Code   140  touch.o(.text.SPI_X)
    SPI_Y                                    0x08001061   Thumb Code   140  touch.o(.text.SPI_Y)
    SVC_Handler                              0x080010ed   Thumb Code     2  stm32f2xx_it.o(.text.SVC_Handler)
    SYSCFG_EXTILineConfig                    0x080010f1   Thumb Code    48  stm32f2xx_syscfg.o(.text.SYSCFG_EXTILineConfig)
    SysTick_Handler                          0x08001121   Thumb Code     2  stm32f2xx_it.o(.text.SysTick_Handler)
    SystemCKInit                             0x08001125   Thumb Code   198  sys.o(.text.SystemCKInit)
    TIM2_IRQHandler                          0x080011ed   Thumb Code     2  stm32f2xx_it.o(.text.TIM2_IRQHandler)
    TouchScreenInit                          0x080011f1   Thumb Code   300  touch.o(.text.TouchScreenInit)
    UART4_IRQHandler                         0x0800131d   Thumb Code     2  stm32f2xx_it.o(.text.UART4_IRQHandler)
    UART5_IRQHandler                         0x08001321   Thumb Code     2  stm32f2xx_it.o(.text.UART5_IRQHandler)
    USART1_IRQHandler                        0x08001325   Thumb Code   124  usart.o(.text.USART1_IRQHandler)
    USART2_IRQHandler                        0x080013a1   Thumb Code     2  stm32f2xx_it.o(.text.USART2_IRQHandler)
    USART3_IRQHandler                        0x080013a5   Thumb Code     2  stm32f2xx_it.o(.text.USART3_IRQHandler)
    USART6_IRQHandler                        0x080013a9   Thumb Code     2  stm32f2xx_it.o(.text.USART6_IRQHandler)
    USART_ClearITPendingBit                  0x080013ad   Thumb Code    14  stm32f2xx_usart.o(.text.USART_ClearITPendingBit)
    USART_Cmd                                0x080013bd   Thumb Code    20  stm32f2xx_usart.o(.text.USART_Cmd)
    USART_GetFlagStatus                      0x080013d1   Thumb Code    10  stm32f2xx_usart.o(.text.USART_GetFlagStatus)
    USART_GetITStatus                        0x080013dd   Thumb Code    48  stm32f2xx_usart.o(.text.USART_GetITStatus)
    USART_ITConfig                           0x0800140d   Thumb Code    46  stm32f2xx_usart.o(.text.USART_ITConfig)
    USART_Init                               0x0800143d   Thumb Code   186  stm32f2xx_usart.o(.text.USART_Init)
    USART_ReceiveData                        0x080014f9   Thumb Code     8  stm32f2xx_usart.o(.text.USART_ReceiveData)
    USART_SendData                           0x08001501   Thumb Code     8  stm32f2xx_usart.o(.text.USART_SendData)
    UsageFault_Handler                       0x08001509   Thumb Code     2  stm32f2xx_it.o(.text.UsageFault_Handler)
    main                                     0x0800150d   Thumb Code   152  main.o(.text.main)
    my_strlen                                0x080015c1   Thumb Code    18  sys.o(.text.my_strlen)
    usart_Init                               0x080015d5   Thumb Code   198  usart.o(.text.usart_Init)
    usart_send                               0x0800169d   Thumb Code    48  usart.o(.text.usart_send)
    __aeabi_dadd                             0x080016cd   Thumb Code     0  daddsub_clz.o(x$fpl$dadd)
    _dadd                                    0x080016cd   Thumb Code   332  daddsub_clz.o(x$fpl$dadd)
    __aeabi_d2iz                             0x0800181d   Thumb Code     0  dfix.o(x$fpl$dfix)
    _dfix                                    0x0800181d   Thumb Code    94  dfix.o(x$fpl$dfix)
    __aeabi_ui2d                             0x0800187b   Thumb Code     0  dflt_clz.o(x$fpl$dfltu)
    _dfltu                                   0x0800187b   Thumb Code    38  dflt_clz.o(x$fpl$dfltu)
    __aeabi_dmul                             0x080018a1   Thumb Code     0  dmul.o(x$fpl$dmul)
    _dmul                                    0x080018a1   Thumb Code   332  dmul.o(x$fpl$dmul)
    __fpl_dnaninf                            0x080019f5   Thumb Code   156  dnaninf.o(x$fpl$dnaninf)
    __fpl_dretinf                            0x08001a91   Thumb Code    12  dretinf.o(x$fpl$dretinf)
    __aeabi_dsub                             0x08001a9d   Thumb Code     0  daddsub_clz.o(x$fpl$dsub)
    _dsub                                    0x08001a9d   Thumb Code   472  daddsub_clz.o(x$fpl$dsub)
    __I$use$fp                               0x08001c78   Number         0  usenofp.o(x$fpl$usenofp)
    asc2_1206                                0x08001c88   Data        1140  lcd.o(.rodata.asc2_1206)
    asc2_1608                                0x080020fc   Data        1520  lcd.o(.rodata.asc2_1608)
    asc2_2412                                0x080026ec   Data        3420  lcd.o(.rodata.asc2_2412)
    Region$$Table$$Base                      0x08003448   Number         0  anon$$obj.o(Region$$Table)
    Region$$Table$$Limit                     0x08003458   Number         0  anon$$obj.o(Region$$Table)
    __libspace_start                         0x20000000   Data          96  libspace.o(.bss)
    CheckerBoardPos                          0x20000060   Data        1000  chess.o(.bss.CheckerBoardPos)
    __temporary_stack_top$libspace           0x20000060   Data           0  libspace.o(.bss)
    USART_RX_BUF                             0x20000448   Data         200  usart.o(.bss.USART_RX_BUF)
    USART_RX_STA                             0x20000510   Data           2  usart.o(.bss.USART_RX_STA)
    x_data                                   0x20000512   Data           2  main.o(.bss.x_data)
    y_data                                   0x20000514   Data           2  main.o(.bss.y_data)



==============================================================================

Memory Map of the image

  Image Entry point : 0x08000185

  Load Region LR_IROM1 (Base: 0x08000000, Size: 0x00003458, Max: 0x00040000, ABSOLUTE)

    Execution Region ER_IROM1 (Exec base: 0x08000000, Load base: 0x08000000, Size: 0x00003458, Max: 0x00040000, ABSOLUTE)

    Exec Addr    Load Addr    Size         Type   Attr      Idx    E Section Name        Object

    0x08000000   0x08000000   0x00000184   Data   RO         1664    RESET               startup_stm32f2xx.o
    0x08000184   0x08000184   0x00000008   Code   RO         1693  * !!!main             c_w.l(__main.o)
    0x0800018c   0x0800018c   0x00000034   Code   RO         1879    !!!scatter          c_w.l(__scatter.o)
    0x080001c0   0x080001c0   0x0000001c   Code   RO         1881    !!handler_zi        c_w.l(__scatter_zi.o)
    0x080001dc   0x080001dc   0x00000002   Code   RO         1743    .ARM.Collect$$libinit$$00000000  c_w.l(libinit.o)
    0x080001de   0x080001de   0x00000000   Code   RO         1750    .ARM.Collect$$libinit$$00000002  c_w.l(libinit2.o)
    0x080001de   0x080001de   0x00000000   Code   RO         1752    .ARM.Collect$$libinit$$00000004  c_w.l(libinit2.o)
    0x080001de   0x080001de   0x00000000   Code   RO         1755    .ARM.Collect$$libinit$$0000000A  c_w.l(libinit2.o)
    0x080001de   0x080001de   0x00000000   Code   RO         1757    .ARM.Collect$$libinit$$0000000C  c_w.l(libinit2.o)
    0x080001de   0x080001de   0x00000000   Code   RO         1759    .ARM.Collect$$libinit$$0000000E  c_w.l(libinit2.o)
    0x080001de   0x080001de   0x00000000   Code   RO         1762    .ARM.Collect$$libinit$$00000011  c_w.l(libinit2.o)
    0x080001de   0x080001de   0x00000000   Code   RO         1764    .ARM.Collect$$libinit$$00000013  c_w.l(libinit2.o)
    0x080001de   0x080001de   0x00000000   Code   RO         1766    .ARM.Collect$$libinit$$00000015  c_w.l(libinit2.o)
    0x080001de   0x080001de   0x00000000   Code   RO         1768    .ARM.Collect$$libinit$$00000017  c_w.l(libinit2.o)
    0x080001de   0x080001de   0x00000000   Code   RO         1770    .ARM.Collect$$libinit$$00000019  c_w.l(libinit2.o)
    0x080001de   0x080001de   0x00000000   Code   RO         1772    .ARM.Collect$$libinit$$0000001B  c_w.l(libinit2.o)
    0x080001de   0x080001de   0x00000000   Code   RO         1774    .ARM.Collect$$libinit$$0000001D  c_w.l(libinit2.o)
    0x080001de   0x080001de   0x00000000   Code   RO         1776    .ARM.Collect$$libinit$$0000001F  c_w.l(libinit2.o)
    0x080001de   0x080001de   0x00000000   Code   RO         1778    .ARM.Collect$$libinit$$00000021  c_w.l(libinit2.o)
    0x080001de   0x080001de   0x00000000   Code   RO         1780    .ARM.Collect$$libinit$$00000023  c_w.l(libinit2.o)
    0x080001de   0x080001de   0x00000000   Code   RO         1782    .ARM.Collect$$libinit$$00000025  c_w.l(libinit2.o)
    0x080001de   0x080001de   0x00000000   Code   RO         1786    .ARM.Collect$$libinit$$0000002C  c_w.l(libinit2.o)
    0x080001de   0x080001de   0x00000000   Code   RO         1788    .ARM.Collect$$libinit$$0000002E  c_w.l(libinit2.o)
    0x080001de   0x080001de   0x00000000   Code   RO         1790    .ARM.Collect$$libinit$$00000030  c_w.l(libinit2.o)
    0x080001de   0x080001de   0x00000000   Code   RO         1792    .ARM.Collect$$libinit$$00000032  c_w.l(libinit2.o)
    0x080001de   0x080001de   0x00000002   Code   RO         1793    .ARM.Collect$$libinit$$00000033  c_w.l(libinit2.o)
    0x080001e0   0x080001e0   0x00000002   Code   RO         1815    .ARM.Collect$$libshutdown$$00000000  c_w.l(libshutdown.o)
    0x080001e2   0x080001e2   0x00000000   Code   RO         1830    .ARM.Collect$$libshutdown$$00000002  c_w.l(libshutdown2.o)
    0x080001e2   0x080001e2   0x00000000   Code   RO         1832    .ARM.Collect$$libshutdown$$00000004  c_w.l(libshutdown2.o)
    0x080001e2   0x080001e2   0x00000000   Code   RO         1835    .ARM.Collect$$libshutdown$$00000007  c_w.l(libshutdown2.o)
    0x080001e2   0x080001e2   0x00000000   Code   RO         1838    .ARM.Collect$$libshutdown$$0000000A  c_w.l(libshutdown2.o)
    0x080001e2   0x080001e2   0x00000000   Code   RO         1840    .ARM.Collect$$libshutdown$$0000000C  c_w.l(libshutdown2.o)
    0x080001e2   0x080001e2   0x00000000   Code   RO         1843    .ARM.Collect$$libshutdown$$0000000F  c_w.l(libshutdown2.o)
    0x080001e2   0x080001e2   0x00000002   Code   RO         1844    .ARM.Collect$$libshutdown$$00000010  c_w.l(libshutdown2.o)
    0x080001e4   0x080001e4   0x00000000   Code   RO         1713    .ARM.Collect$$rtentry$$00000000  c_w.l(__rtentry.o)
    0x080001e4   0x080001e4   0x00000000   Code   RO         1720    .ARM.Collect$$rtentry$$00000002  c_w.l(__rtentry2.o)
    0x080001e4   0x080001e4   0x00000006   Code   RO         1732    .ARM.Collect$$rtentry$$00000004  c_w.l(__rtentry4.o)
    0x080001ea   0x080001ea   0x00000000   Code   RO         1722    .ARM.Collect$$rtentry$$00000009  c_w.l(__rtentry2.o)
    0x080001ea   0x080001ea   0x00000004   Code   RO         1723    .ARM.Collect$$rtentry$$0000000A  c_w.l(__rtentry2.o)
    0x080001ee   0x080001ee   0x00000000   Code   RO         1725    .ARM.Collect$$rtentry$$0000000C  c_w.l(__rtentry2.o)
    0x080001ee   0x080001ee   0x00000008   Code   RO         1726    .ARM.Collect$$rtentry$$0000000D  c_w.l(__rtentry2.o)
    0x080001f6   0x080001f6   0x00000002   Code   RO         1747    .ARM.Collect$$rtexit$$00000000  c_w.l(rtexit.o)
    0x080001f8   0x080001f8   0x00000000   Code   RO         1795    .ARM.Collect$$rtexit$$00000002  c_w.l(rtexit2.o)
    0x080001f8   0x080001f8   0x00000004   Code   RO         1796    .ARM.Collect$$rtexit$$00000003  c_w.l(rtexit2.o)
    0x080001fc   0x080001fc   0x00000006   Code   RO         1797    .ARM.Collect$$rtexit$$00000004  c_w.l(rtexit2.o)
    0x08000202   0x08000202   0x00000002   PAD
    0x08000204   0x08000204   0x00000038   Code   RO         1665    .text               startup_stm32f2xx.o
    0x0800023c   0x0800023c   0x00000006   Code   RO         1691    .text               c_w.l(heapauxi.o)
    0x08000242   0x08000242   0x0000004a   Code   RO         1734    .text               c_w.l(sys_stackheap_outer.o)
    0x0800028c   0x0800028c   0x00000012   Code   RO         1736    .text               c_w.l(exit.o)
    0x0800029e   0x0800029e   0x00000002   PAD
    0x080002a0   0x080002a0   0x00000008   Code   RO         1744    .text               c_w.l(libspace.o)
    0x080002a8   0x080002a8   0x0000000c   Code   RO         1805    .text               c_w.l(sys_exit.o)
    0x080002b4   0x080002b4   0x00000002   Code   RO         1820    .text               c_w.l(use_no_semi.o)
    0x080002b6   0x080002b6   0x00000000   Code   RO         1822    .text               c_w.l(indicate_semi.o)
    0x080002b6   0x080002b6   0x00000002   PAD
    0x080002b8   0x080002b8   0x00000002   Code   RO          163    .text.BusFault_Handler  stm32f2xx_it.o
    0x080002ba   0x080002ba   0x00000002   PAD
    0x080002bc   0x080002bc   0x000000f8   Code   RO            2    .text.ClickToPutChess  chess.o
    0x080003b4   0x080003b4   0x00000002   Code   RO          169    .text.DebugMon_Handler  stm32f2xx_it.o
    0x080003b6   0x080003b6   0x00000002   PAD
    0x080003b8   0x080003b8   0x00000006   Code   RO          198    .text.Delay_ms      sys.o
    0x080003be   0x080003be   0x00000002   PAD
    0x080003c0   0x080003c0   0x00000002   Code   RO          177    .text.ETH_IRQHandler  stm32f2xx_it.o
    0x080003c2   0x080003c2   0x00000002   PAD
    0x080003c4   0x080003c4   0x00000032   Code   RO           22    .text.EXTI2_IRQHandler  chess.o
    0x080003f6   0x080003f6   0x00000002   PAD
    0x080003f8   0x080003f8   0x0000000c   Code   RO          670    .text.EXTI_ClearITPendingBit  stm32f2xx_exti.o
    0x08000404   0x08000404   0x0000001e   Code   RO          668    .text.EXTI_GetITStatus  stm32f2xx_exti.o
    0x08000422   0x08000422   0x00000002   PAD
    0x08000424   0x08000424   0x00000068   Code   RO          658    .text.EXTI_Init     stm32f2xx_exti.o
    0x0800048c   0x0800048c   0x00000024   Code   RO          754    .text.FSMC_NORSRAMCmd  stm32f2xx_fsmc.o
    0x080004b0   0x080004b0   0x000000c0   Code   RO          750    .text.FSMC_NORSRAMInit  stm32f2xx_fsmc.o
    0x08000570   0x08000570   0x00000086   Code   RO          796    .text.GPIO_Init     stm32f2xx_gpio.o
    0x080005f6   0x080005f6   0x00000002   PAD
    0x080005f8   0x080005f8   0x00000028   Code   RO          820    .text.GPIO_PinAFConfig  stm32f2xx_gpio.o
    0x08000620   0x08000620   0x00000004   Code   RO          812    .text.GPIO_ResetBits  stm32f2xx_gpio.o
    0x08000624   0x08000624   0x00000004   Code   RO          810    .text.GPIO_SetBits  stm32f2xx_gpio.o
    0x08000628   0x08000628   0x00000002   Code   RO          159    .text.HardFault_Handler  stm32f2xx_it.o
    0x0800062a   0x0800062a   0x00000002   PAD
    0x0800062c   0x0800062c   0x000000d8   Code   RO          116    .text.InitCheckerBoardCoordinate  main.o
    0x08000704   0x08000704   0x0000000e   Code   RO          234    .text.IsCompleteReceive  usart.o
    0x08000712   0x08000712   0x00000002   PAD
    0x08000714   0x08000714   0x000003fa   Code   RO           69    .text.LCDInit       lcd.o
    0x08000b0e   0x08000b0e   0x00000002   PAD
    0x08000b10   0x08000b10   0x00000038   Code   RO           81    .text.LCD_ColourFillScreen  lcd.o
    0x08000b48   0x08000b48   0x00000072   Code   RO           89    .text.LCD_DrawChess  lcd.o
    0x08000bba   0x08000bba   0x00000002   PAD
    0x08000bbc   0x08000bbc   0x00000062   Code   RO           83    .text.LCD_DrawLine  lcd.o
    0x08000c1e   0x08000c1e   0x00000002   PAD
    0x08000c20   0x08000c20   0x00000016   Code   RO           79    .text.LCD_DrawPoint  lcd.o
    0x08000c36   0x08000c36   0x00000002   PAD
    0x08000c38   0x08000c38   0x0000000a   Code   RO           73    .text.LCD_IO_WriteData  lcd.o
    0x08000c42   0x08000c42   0x00000002   PAD
    0x08000c44   0x08000c44   0x00000008   Code   RO           71    .text.LCD_IO_WriteReg  lcd.o
    0x08000c4c   0x08000c4c   0x00000048   Code   RO           87    .text.LCD_InitCheckerBoard  lcd.o
    0x08000c94   0x08000c94   0x0000002c   Code   RO           77    .text.LCD_SetCursor  lcd.o
    0x08000cc0   0x08000cc0   0x000000d4   Code   RO           85    .text.LCD_ShowChar  lcd.o
    0x08000d94   0x08000d94   0x00000002   Code   RO          161    .text.MemManage_Handler  stm32f2xx_it.o
    0x08000d96   0x08000d96   0x00000002   PAD
    0x08000d98   0x08000d98   0x00000002   Code   RO          157    .text.NMI_Handler   stm32f2xx_it.o
    0x08000d9a   0x08000d9a   0x00000002   PAD
    0x08000d9c   0x08000d9c   0x00000062   Code   RO          254    .text.NVIC_Init     misc.o
    0x08000dfe   0x08000dfe   0x00000002   PAD
    0x08000e00   0x08000e00   0x00000014   Code   RO          252    .text.NVIC_PriorityGroupConfig  misc.o
    0x08000e14   0x08000e14   0x00000018   Code   RO          256    .text.NVIC_SetVectorTable  misc.o
    0x08000e2c   0x08000e2c   0x00000002   Code   RO          171    .text.PendSV_Handler  stm32f2xx_it.o
    0x08000e2e   0x08000e2e   0x00000002   PAD
    0x08000e30   0x08000e30   0x00000052   Code   RO          118    .text.PrintMesgToLCD  main.o
    0x08000e82   0x08000e82   0x00000002   PAD
    0x08000e84   0x08000e84   0x00000018   Code   RO         1070    .text.RCC_AHB1PeriphClockCmd  stm32f2xx_rcc.o
    0x08000e9c   0x08000e9c   0x00000018   Code   RO         1074    .text.RCC_AHB3PeriphClockCmd  stm32f2xx_rcc.o
    0x08000eb4   0x08000eb4   0x00000018   Code   RO         1078    .text.RCC_APB2PeriphClockCmd  stm32f2xx_rcc.o
    0x08000ecc   0x08000ecc   0x00000096   Code   RO         1060    .text.RCC_GetClocksFreq  stm32f2xx_rcc.o
    0x08000f62   0x08000f62   0x00000002   PAD
    0x08000f64   0x08000f64   0x00000014   Code   RO         1315    .text.SPI_Cmd       stm32f2xx_spi.o
    0x08000f78   0x08000f78   0x0000000a   Code   RO         1345    .text.SPI_I2S_GetFlagStatus  stm32f2xx_spi.o
    0x08000f82   0x08000f82   0x00000002   PAD
    0x08000f84   0x08000f84   0x00000004   Code   RO         1329    .text.SPI_I2S_ReceiveData  stm32f2xx_spi.o
    0x08000f88   0x08000f88   0x00000004   Code   RO         1331    .text.SPI_I2S_SendData  stm32f2xx_spi.o
    0x08000f8c   0x08000f8c   0x00000046   Code   RO         1307    .text.SPI_Init      stm32f2xx_spi.o
    0x08000fd2   0x08000fd2   0x00000002   PAD
    0x08000fd4   0x08000fd4   0x0000008c   Code   RO          214    .text.SPI_X         touch.o
    0x08001060   0x08001060   0x0000008c   Code   RO          216    .text.SPI_Y         touch.o
    0x080010ec   0x080010ec   0x00000002   Code   RO          167    .text.SVC_Handler   stm32f2xx_it.o
    0x080010ee   0x080010ee   0x00000002   PAD
    0x080010f0   0x080010f0   0x00000030   Code   RO         1365    .text.SYSCFG_EXTILineConfig  stm32f2xx_syscfg.o
    0x08001120   0x08001120   0x00000002   Code   RO          173    .text.SysTick_Handler  stm32f2xx_it.o
    0x08001122   0x08001122   0x00000002   PAD
    0x08001124   0x08001124   0x000000c6   Code   RO          196    .text.SystemCKInit  sys.o
    0x080011ea   0x080011ea   0x00000002   PAD
    0x080011ec   0x080011ec   0x00000002   Code   RO          175    .text.TIM2_IRQHandler  stm32f2xx_it.o
    0x080011ee   0x080011ee   0x00000002   PAD
    0x080011f0   0x080011f0   0x0000012c   Code   RO          212    .text.TouchScreenInit  touch.o
    0x0800131c   0x0800131c   0x00000002   Code   RO          183    .text.UART4_IRQHandler  stm32f2xx_it.o
    0x0800131e   0x0800131e   0x00000002   PAD
    0x08001320   0x08001320   0x00000002   Code   RO          185    .text.UART5_IRQHandler  stm32f2xx_it.o
    0x08001322   0x08001322   0x00000002   PAD
    0x08001324   0x08001324   0x0000007c   Code   RO          236    .text.USART1_IRQHandler  usart.o
    0x080013a0   0x080013a0   0x00000002   Code   RO          179    .text.USART2_IRQHandler  stm32f2xx_it.o
    0x080013a2   0x080013a2   0x00000002   PAD
    0x080013a4   0x080013a4   0x00000002   Code   RO          181    .text.USART3_IRQHandler  stm32f2xx_it.o
    0x080013a6   0x080013a6   0x00000002   PAD
    0x080013a8   0x080013a8   0x00000002   Code   RO          187    .text.USART6_IRQHandler  stm32f2xx_it.o
    0x080013aa   0x080013aa   0x00000002   PAD
    0x080013ac   0x080013ac   0x0000000e   Code   RO         1629    .text.USART_ClearITPendingBit  stm32f2xx_usart.o
    0x080013ba   0x080013ba   0x00000002   PAD
    0x080013bc   0x080013bc   0x00000014   Code   RO         1583    .text.USART_Cmd     stm32f2xx_usart.o
    0x080013d0   0x080013d0   0x0000000a   Code   RO         1623    .text.USART_GetFlagStatus  stm32f2xx_usart.o
    0x080013da   0x080013da   0x00000002   PAD
    0x080013dc   0x080013dc   0x00000030   Code   RO         1627    .text.USART_GetITStatus  stm32f2xx_usart.o
    0x0800140c   0x0800140c   0x0000002e   Code   RO         1621    .text.USART_ITConfig  stm32f2xx_usart.o
    0x0800143a   0x0800143a   0x00000002   PAD
    0x0800143c   0x0800143c   0x000000ba   Code   RO         1575    .text.USART_Init    stm32f2xx_usart.o
    0x080014f6   0x080014f6   0x00000002   PAD
    0x080014f8   0x080014f8   0x00000008   Code   RO         1593    .text.USART_ReceiveData  stm32f2xx_usart.o
    0x08001500   0x08001500   0x00000008   Code   RO         1591    .text.USART_SendData  stm32f2xx_usart.o
    0x08001508   0x08001508   0x00000002   Code   RO          165    .text.UsageFault_Handler  stm32f2xx_it.o
    0x0800150a   0x0800150a   0x00000002   PAD
    0x0800150c   0x0800150c   0x000000b4   Code   RO          126    .text.main          main.o
    0x080015c0   0x080015c0   0x00000012   Code   RO          200    .text.my_strlen     sys.o
    0x080015d2   0x080015d2   0x00000002   PAD
    0x080015d4   0x080015d4   0x000000c6   Code   RO          226    .text.usart_Init    usart.o
    0x0800169a   0x0800169a   0x00000002   PAD
    0x0800169c   0x0800169c   0x00000030   Code   RO          228    .text.usart_send    usart.o
    0x080016cc   0x080016cc   0x00000150   Code   RO         1695    x$fpl$dadd          fz_ws.l(daddsub_clz.o)
    0x0800181c   0x0800181c   0x0000005e   Code   RO         1701    x$fpl$dfix          fz_ws.l(dfix.o)
    0x0800187a   0x0800187a   0x00000026   Code   RO         1705    x$fpl$dfltu         fz_ws.l(dflt_clz.o)
    0x080018a0   0x080018a0   0x00000154   Code   RO         1711    x$fpl$dmul          fz_ws.l(dmul.o)
    0x080019f4   0x080019f4   0x0000009c   Code   RO         1714    x$fpl$dnaninf       fz_ws.l(dnaninf.o)
    0x08001a90   0x08001a90   0x0000000c   Code   RO         1716    x$fpl$dretinf       fz_ws.l(dretinf.o)
    0x08001a9c   0x08001a9c   0x000001dc   Code   RO         1697    x$fpl$dsub          fz_ws.l(daddsub_clz.o)
    0x08001c78   0x08001c78   0x00000000   Code   RO         1718    x$fpl$usenofp       fz_ws.l(usenofp.o)
    0x08001c78   0x08001c78   0x00000010   Data   RO         1108    .rodata.APBAHBPrescTable  stm32f2xx_rcc.o
    0x08001c88   0x08001c88   0x00000474   Data   RO           93    .rodata.asc2_1206   lcd.o
    0x080020fc   0x080020fc   0x000005f0   Data   RO           94    .rodata.asc2_1608   lcd.o
    0x080026ec   0x080026ec   0x00000d5c   Data   RO           95    .rodata.asc2_2412   lcd.o
    0x08003448   0x08003448   0x00000010   Data   RO         1878    Region$$Table       anon$$obj.o


    Execution Region RW_IRAM1 (Exec base: 0x20000000, Load base: 0x08003458, Size: 0x00000b18, Max: 0x00020000, ABSOLUTE)

    Exec Addr    Load Addr    Size         Type   Attr      Idx    E Section Name        Object

    0x20000000        -       0x00000060   Zero   RW         1745    .bss                c_w.l(libspace.o)
    0x20000060        -       0x000003e8   Zero   RW           24    .bss.CheckerBoardPos  chess.o
    0x20000448        -       0x000000c8   Zero   RW          243    .bss.USART_RX_BUF   usart.o
    0x20000510        -       0x00000002   Zero   RW          242    .bss.USART_RX_STA   usart.o
    0x20000512        -       0x00000002   Zero   RW          130    .bss.x_data         main.o
    0x20000514        -       0x00000002   Zero   RW          131    .bss.y_data         main.o
    0x20000516   0x08003458   0x00000002   PAD
    0x20000518        -       0x00000200   Zero   RW         1663    HEAP                startup_stm32f2xx.o
    0x20000718        -       0x00000400   Zero   RW         1662    STACK               startup_stm32f2xx.o


==============================================================================

Image component sizes


      Code (inc. data)   RO Data    RW Data    ZI Data      Debug   Object Name

       298          0          0          0       1000       7924   chess.o
      1654          0       6080          0          0       6956   lcd.o
       478         28          0          0          4       2888   main.o
       142          0          0          0          0       3309   misc.o
        56         22        388          0       1536        780   startup_stm32f2xx.o
       146          0          0          0          0       2892   stm32f2xx_exti.o
       228          0          0          0          0       8001   stm32f2xx_fsmc.o
       182          0          0          0          0       4630   stm32f2xx_gpio.o
        32          0          0          0          0       1513   stm32f2xx_it.o
       222          0         16          0          0      11276   stm32f2xx_rcc.o
       108          0          0          0          0       8033   stm32f2xx_spi.o
        48          0          0          0          0       1998   stm32f2xx_syscfg.o
       340          0          0          0          0       8385   stm32f2xx_usart.o
       222          0          0          0          0       2232   sys.o
       580          0          0          0          0       5662   touch.o
       384          0          0          0        202       6366   usart.o

    ----------------------------------------------------------------------
      5196         50       6500          0       2744      82845   Object Totals
         0          0         16          0          0          0   (incl. Generated)
        76          0          0          0          2          0   (incl. Padding)

    ----------------------------------------------------------------------

      Code (inc. data)   RO Data    RW Data    ZI Data      Debug   Library Member Name

         8          0          0          0          0         68   __main.o
         0          0          0          0          0          0   __rtentry.o
        12          0          0          0          0          0   __rtentry2.o
         6          0          0          0          0          0   __rtentry4.o
        52          8          0          0          0          0   __scatter.o
        28          0          0          0          0          0   __scatter_zi.o
        18          0          0          0          0         80   exit.o
         6          0          0          0          0        152   heapauxi.o
         0          0          0          0          0          0   indicate_semi.o
         2          0          0          0          0          0   libinit.o
         2          0          0          0          0          0   libinit2.o
         2          0          0          0          0          0   libshutdown.o
         2          0          0          0          0          0   libshutdown2.o
         8          4          0          0         96         68   libspace.o
         2          0          0          0          0          0   rtexit.o
        10          0          0          0          0          0   rtexit2.o
        12          4          0          0          0         68   sys_exit.o
        74          0          0          0          0         80   sys_stackheap_outer.o
         2          0          0          0          0         68   use_no_semi.o
       812         16          0          0          0        296   daddsub_clz.o
        94          4          0          0          0         92   dfix.o
        38          0          0          0          0         68   dflt_clz.o
       340         12          0          0          0        104   dmul.o
       156          4          0          0          0         92   dnaninf.o
        12          0          0          0          0         68   dretinf.o
         0          0          0          0          0          0   usenofp.o

    ----------------------------------------------------------------------
      1704         52          0          0         96       1304   Library Totals
         6          0          0          0          0          0   (incl. Padding)

    ----------------------------------------------------------------------

      Code (inc. data)   RO Data    RW Data    ZI Data      Debug   Library Name

       246         16          0          0         96        584   c_w.l
      1452         36          0          0          0        720   fz_ws.l

    ----------------------------------------------------------------------
      1704         52          0          0         96       1304   Library Totals

    ----------------------------------------------------------------------

==============================================================================


      Code (inc. data)   RO Data    RW Data    ZI Data      Debug   

      6900        102       6500          0       2840      83329   Grand Totals
      6900        102       6500          0       2840      83329   ELF Image Totals
      6900        102       6500          0          0          0   ROM Totals

==============================================================================

    Total RO  Size (Code + RO Data)                13400 (  13.09kB)
    Total RW  Size (RW Data + ZI Data)              2840 (   2.77kB)
    Total ROM Size (Code + RO Data + RW Data)      13400 (  13.09kB)

==============================================================================

